Component: Arm Compiler for Embedded 6.22 Tool: armlink [5ee90200]

==============================================================================

Section Cross References

    startup_stm32f405xx.o(STACK) refers (Special) to heapauxi.o(.text) for __use_two_region_memory
    startup_stm32f405xx.o(HEAP) refers (Special) to heapauxi.o(.text) for __use_two_region_memory
    startup_stm32f405xx.o(RESET) refers (Special) to heapauxi.o(.text) for __use_two_region_memory
    startup_stm32f405xx.o(RESET) refers to startup_stm32f405xx.o(STACK) for __initial_sp
    startup_stm32f405xx.o(RESET) refers to startup_stm32f405xx.o(.text) for Reset_Handler
    startup_stm32f405xx.o(RESET) refers to stm32f4xx_it.o(.text.NMI_Handler) for NMI_Handler
    startup_stm32f405xx.o(RESET) refers to stm32f4xx_it.o(.text.HardFault_Handler) for HardFault_Handler
    startup_stm32f405xx.o(RESET) refers to stm32f4xx_it.o(.text.MemManage_Handler) for MemManage_Handler
    startup_stm32f405xx.o(RESET) refers to stm32f4xx_it.o(.text.BusFault_Handler) for BusFault_Handler
    startup_stm32f405xx.o(RESET) refers to stm32f4xx_it.o(.text.UsageFault_Handler) for UsageFault_Handler
    startup_stm32f405xx.o(RESET) refers to port.o(.text.SVC_Handler) for SVC_Handler
    startup_stm32f405xx.o(RESET) refers to stm32f4xx_it.o(.text.DebugMon_Handler) for DebugMon_Handler
    startup_stm32f405xx.o(RESET) refers to port.o(.text.PendSV_Handler) for PendSV_Handler
    startup_stm32f405xx.o(RESET) refers to cmsis_os2.o(.text.SysTick_Handler) for SysTick_Handler
    startup_stm32f405xx.o(RESET) refers to stm32f4xx_it.o(.text.DMA1_Stream3_IRQHandler) for DMA1_Stream3_IRQHandler
    startup_stm32f405xx.o(RESET) refers to stm32f4xx_it.o(.text.DMA1_Stream4_IRQHandler) for DMA1_Stream4_IRQHandler
    startup_stm32f405xx.o(RESET) refers to stm32f4xx_it.o(.text.DMA1_Stream5_IRQHandler) for DMA1_Stream5_IRQHandler
    startup_stm32f405xx.o(RESET) refers to stm32f4xx_it.o(.text.TIM3_IRQHandler) for TIM3_IRQHandler
    startup_stm32f405xx.o(RESET) refers to stm32f4xx_it.o(.text.SPI2_IRQHandler) for SPI2_IRQHandler
    startup_stm32f405xx.o(RESET) refers to stm32f4xx_it.o(.text.TIM8_TRG_COM_TIM14_IRQHandler) for TIM8_TRG_COM_TIM14_IRQHandler
    startup_stm32f405xx.o(.text) refers (Special) to heapauxi.o(.text) for __use_two_region_memory
    startup_stm32f405xx.o(.text) refers to system_stm32f4xx.o(.text.SystemInit) for SystemInit
    startup_stm32f405xx.o(.text) refers to __main.o(!!!main) for __main
    startup_stm32f405xx.o(.text) refers to startup_stm32f405xx.o(HEAP) for Heap_Mem
    startup_stm32f405xx.o(.text) refers to startup_stm32f405xx.o(STACK) for Stack_Mem
    main.o(.text.main) refers to stm32f4xx_hal.o(.text.HAL_Init) for HAL_Init
    main.o(.text.main) refers to main.o(.text.SystemClock_Config) for SystemClock_Config
    main.o(.text.main) refers to gpio.o(.text.MX_GPIO_Init) for MX_GPIO_Init
    main.o(.text.main) refers to dma.o(.text.MX_DMA_Init) for MX_DMA_Init
    main.o(.text.main) refers to tim.o(.text.MX_TIM3_Init) for MX_TIM3_Init
    main.o(.text.main) refers to spi.o(.text.MX_SPI2_Init) for MX_SPI2_Init
    main.o(.text.main) refers to dwt_delay.o(.text.DWT_Init) for DWT_Init
    main.o(.text.main) refers to cmsis_os2.o(.text.osKernelInitialize) for osKernelInitialize
    main.o(.text.main) refers to freertos.o(.text.MX_FREERTOS_Init) for MX_FREERTOS_Init
    main.o(.text.main) refers to cmsis_os2.o(.text.osKernelStart) for osKernelStart
    main.o(.ARM.exidx.text.main) refers to main.o(.text.main) for [Anonymous Symbol]
    main.o(.text.SystemClock_Config) refers to rt_memclr_w.o(.text) for __aeabi_memclr4
    main.o(.text.SystemClock_Config) refers to stm32f4xx_hal_rcc.o(.text.HAL_RCC_OscConfig) for HAL_RCC_OscConfig
    main.o(.text.SystemClock_Config) refers to main.o(.text.Error_Handler) for Error_Handler
    main.o(.text.SystemClock_Config) refers to stm32f4xx_hal_rcc.o(.text.HAL_RCC_ClockConfig) for HAL_RCC_ClockConfig
    main.o(.ARM.exidx.text.SystemClock_Config) refers to main.o(.text.SystemClock_Config) for [Anonymous Symbol]
    main.o(.ARM.exidx.text.Error_Handler) refers to main.o(.text.Error_Handler) for [Anonymous Symbol]
    main.o(.text.HAL_TIM_PeriodElapsedCallback) refers to stm32f4xx_hal.o(.text.HAL_IncTick) for HAL_IncTick
    main.o(.ARM.exidx.text.HAL_TIM_PeriodElapsedCallback) refers to main.o(.text.HAL_TIM_PeriodElapsedCallback) for [Anonymous Symbol]
    gpio.o(.text.MX_GPIO_Init) refers to stm32f4xx_hal_gpio.o(.text.HAL_GPIO_WritePin) for HAL_GPIO_WritePin
    gpio.o(.text.MX_GPIO_Init) refers to stm32f4xx_hal_gpio.o(.text.HAL_GPIO_Init) for HAL_GPIO_Init
    gpio.o(.ARM.exidx.text.MX_GPIO_Init) refers to gpio.o(.text.MX_GPIO_Init) for [Anonymous Symbol]
    freertos.o(.text.MX_FREERTOS_Init) refers to freertos.o(.text.StartDefaultTask) for StartDefaultTask
    freertos.o(.text.MX_FREERTOS_Init) refers to freertos.o(.rodata.defaultTask_attributes) for defaultTask_attributes
[...]
    _memset                                  0x080004c7   Thumb Code    64  rt_memclr.o(.text)
    __aeabi_memclr4                          0x08000507   Thumb Code     0  rt_memclr_w.o(.text)
    __aeabi_memclr8                          0x08000507   Thumb Code     0  rt_memclr_w.o(.text)
    __rt_memclr_w                            0x08000507   Thumb Code     0  rt_memclr_w.o(.text)
    _memset_w                                0x0800050b   Thumb Code    74  rt_memclr_w.o(.text)
    __use_two_region_memory                  0x08000555   Thumb Code     2  heapauxi.o(.text)
    __rt_heap_escrow$2region                 0x08000557   Thumb Code     2  heapauxi.o(.text)
    __rt_heap_expand$2region                 0x08000559   Thumb Code     2  heapauxi.o(.text)
    __read_errno                             0x0800055b   Thumb Code    10  _rserrno.o(.text)
    __set_errno                              0x08000565   Thumb Code    12  _rserrno.o(.text)
    __aeabi_errno_addr                       0x08000571   Thumb Code     8  rt_errno_addr_intlibspace.o(.text)
    __errno$intlibspace                      0x08000571   Thumb Code     0  rt_errno_addr_intlibspace.o(.text)
    __rt_errno_addr$intlibspace              0x08000571   Thumb Code     0  rt_errno_addr_intlibspace.o(.text)
    __user_libspace                          0x08000579   Thumb Code     8  libspace.o(.text)
    __user_perproc_libspace                  0x08000579   Thumb Code     0  libspace.o(.text)
    __user_perthread_libspace                0x08000579   Thumb Code     0  libspace.o(.text)
    __user_setup_stackheap                   0x08000581   Thumb Code    74  sys_stackheap_outer.o(.text)
    exit                                     0x080005cb   Thumb Code    18  exit.o(.text)
    _sys_exit                                0x080005dd   Thumb Code     8  sys_exit.o(.text)
    __I$use$semihosting                      0x080005e9   Thumb Code     0  use_no_semi.o(.text)
    __use_no_semihosting_swi                 0x080005e9   Thumb Code     2  use_no_semi.o(.text)
    __semihosting_library_function           0x080005eb   Thumb Code     0  indicate_semi.o(.text)
    BMI088_ACCEL_NS_H                        0x080005ed   Thumb Code    20  bmi088middleware.o(.text.BMI088_ACCEL_NS_H)
    BMI088_ACCEL_NS_L                        0x08000601   Thumb Code    20  bmi088middleware.o(.text.BMI088_ACCEL_NS_L)
    BMI088_GPIO_init                         0x08000615   Thumb Code     2  bmi088middleware.o(.text.BMI088_GPIO_init)
    BMI088_GYRO_NS_H                         0x08000619   Thumb Code    20  bmi088middleware.o(.text.BMI088_GYRO_NS_H)
    BMI088_GYRO_NS_L                         0x0800062d   Thumb Code    20  bmi088middleware.o(.text.BMI088_GYRO_NS_L)
    BMI088_com_init                          0x08000641   Thumb Code     2  bmi088middleware.o(.text.BMI088_com_init)
    BMI088_delay_ms                          0x08000645   Thumb Code    38  bmi088middleware.o(.text.BMI088_delay_ms)
    BMI088_delay_us                          0x0800066d   Thumb Code   142  bmi088middleware.o(.text.BMI088_delay_us)
    BMI088_init                              0x080006fd   Thumb Code    58  bmi088driver.o(.text.BMI088_init)
    BMI088_read                              0x08000739   Thumb Code   448  bmi088driver.o(.text.BMI088_read)
    BMI088_read_write_byte                   0x08000961   Thumb Code    46  bmi088middleware.o(.text.BMI088_read_write_byte)
    BusFault_Handler                         0x080009b1   Thumb Code     4  stm32f4xx_it.o(.text.BusFault_Handler)
    DMA1_Stream3_IRQHandler                  0x080009b5   Thumb Code    16  stm32f4xx_it.o(.text.DMA1_Stream3_IRQHandler)
    DMA1_Stream4_IRQHandler                  0x080009c5   Thumb Code    16  stm32f4xx_it.o(.text.DMA1_Stream4_IRQHandler)
    DMA1_Stream5_IRQHandler                  0x080009d5   Thumb Code    16  stm32f4xx_it.o(.text.DMA1_Stream5_IRQHandler)
    DMAPWM_Control                           0x080009e5   Thumb Code    24  dma_pwm.o(.text.DMAPWM_Control)
    DMAPWM_Task                              0x080009fd   Thumb Code    16  dma_pwm.o(.text.DMAPWM_Task)
    DWT_Init                                 0x08000ba5   Thumb Code    46  dwt_delay.o(.text.DWT_Init)
    DebugMon_Handler                         0x08000bd5   Thumb Code     2  stm32f4xx_it.o(.text.DebugMon_Handler)
    Error_Handler                            0x08000bd9   Thumb Code     6  main.o(.text.Error_Handler)
    Get_EKFAngle                             0x08000be1   Thumb Code   456  quaternionekf.o(.text.Get_EKFAngle)
    HAL_DMA_Abort_IT                         0x08000db5   Thumb Code    68  stm32f4xx_hal_dma.o(.text.HAL_DMA_Abort_IT)
    HAL_DMA_IRQHandler                       0x08000df9   Thumb Code   798  stm32f4xx_hal_dma.o(.text.HAL_DMA_IRQHandler)
    HAL_DMA_Init                             0x08001119   Thumb Code   366  stm32f4xx_hal_dma.o(.text.HAL_DMA_Init)
    HAL_DMA_Start_IT                         0x08001289   Thumb Code   194  stm32f4xx_hal_dma.o(.text.HAL_DMA_Start_IT)
    HAL_GPIO_Init                            0x0800134d   Thumb Code   950  stm32f4xx_hal_gpio.o(.text.HAL_GPIO_Init)
    HAL_GPIO_WritePin                        0x08001705   Thumb Code    46  stm32f4xx_hal_gpio.o(.text.HAL_GPIO_WritePin)
    HAL_GetTick                              0x08001735   Thumb Code    12  stm32f4xx_hal.o(.text.HAL_GetTick)
    HAL_IncTick                              0x08001741   Thumb Code    26  stm32f4xx_hal.o(.text.HAL_IncTick)
    HAL_Init                                 0x0800175d   Thumb Code    54  stm32f4xx_hal.o(.text.HAL_Init)
    HAL_InitTick                             0x08001795   Thumb Code   240  stm32f4xx_hal_timebase_tim.o(.text.HAL_InitTick)
    HAL_MspInit                              0x08001885   Thumb Code    88  stm32f4xx_hal_msp.o(.text.HAL_MspInit)
    HAL_NVIC_EnableIRQ                       0x080018dd   Thumb Code    20  stm32f4xx_hal_cortex.o(.text.HAL_NVIC_EnableIRQ)
    HAL_NVIC_SetPriority                     0x080018f1   Thumb Code    50  stm32f4xx_hal_cortex.o(.text.HAL_NVIC_SetPriority)
    HAL_NVIC_SetPriorityGrouping             0x08001925   Thumb Code    16  stm32f4xx_hal_cortex.o(.text.HAL_NVIC_SetPriorityGrouping)
    HAL_RCC_ClockConfig                      0x08001935   Thumb Code   610  stm32f4xx_hal_rcc.o(.text.HAL_RCC_ClockConfig)
    HAL_RCC_GetClockConfig                   0x08001b99   Thumb Code    84  stm32f4xx_hal_rcc.o(.text.HAL_RCC_GetClockConfig)
    HAL_RCC_GetHCLKFreq                      0x08001bed   Thumb Code    12  stm32f4xx_hal_rcc.o(.text.HAL_RCC_GetHCLKFreq)
    HAL_RCC_GetPCLK1Freq                     0x08001bf9   Thumb Code    34  stm32f4xx_hal_rcc.o(.text.HAL_RCC_GetPCLK1Freq)
    HAL_RCC_GetSysClockFreq                  0x08001c1d   Thumb Code   230  stm32f4xx_hal_rcc.o(.text.HAL_RCC_GetSysClockFreq)
    HAL_RCC_OscConfig                        0x08001d05   Thumb Code  1726  stm32f4xx_hal_rcc.o(.text.HAL_RCC_OscConfig)
    HAL_SPI_ErrorCallback                    0x080023c5   Thumb Code     8  stm32f4xx_hal_spi.o(.text.HAL_SPI_ErrorCallback)
    HAL_SPI_IRQHandler                       0x080023cd   Thumb Code   560  stm32f4xx_hal_spi.o(.text.HAL_SPI_IRQHandler)
    HAL_SPI_Init                             0x080025fd   Thumb Code   258  stm32f4xx_hal_spi.o(.text.HAL_SPI_Init)
    HAL_SPI_MspInit                          0x08002701   Thumb Code   408  spi.o(.text.HAL_SPI_MspInit)
    HAL_SPI_TransmitReceive                  0x08002899   Thumb Code   930  stm32f4xx_hal_spi.o(.text.HAL_SPI_TransmitReceive)
    HAL_TIMEx_BreakCallback                  0x08002c3d   Thumb Code     8  stm32f4xx_hal_tim_ex.o(.text.HAL_TIMEx_BreakCallback)
    HAL_TIMEx_CommutCallback                 0x08002c45   Thumb Code     8  stm32f4xx_hal_tim_ex.o(.text.HAL_TIMEx_CommutCallback)
    HAL_TIMEx_MasterConfigSynchronization    0x08002c4d   Thumb Code   290  stm32f4xx_hal_tim_ex.o(.text.HAL_TIMEx_MasterConfigSynchronization)
    HAL_TIM_Base_Init                        0x08002d71   Thumb Code   156  stm32f4xx_hal_tim.o(.text.HAL_TIM_Base_Init)
    HAL_TIM_Base_MspInit                     0x08002e0d   Thumb Code     8  stm32f4xx_hal_tim.o(.text.HAL_TIM_Base_MspInit)
    HAL_TIM_Base_Start_IT                    0x08002e15   Thumb Code   246  stm32f4xx_hal_tim.o(.text.HAL_TIM_Base_Start_IT)
    HAL_TIM_ErrorCallback                    0x08002f0d   Thumb Code     8  stm32f4xx_hal_tim.o(.text.HAL_TIM_ErrorCallback)
    HAL_TIM_IC_CaptureCallback               0x08002f15   Thumb Code     8  stm32f4xx_hal_tim.o(.text.HAL_TIM_IC_CaptureCallback)
    HAL_TIM_IRQHandler                       0x08002f1d   Thumb Code   538  stm32f4xx_hal_tim.o(.text.HAL_TIM_IRQHandler)
    HAL_TIM_MspPostInit                      0x08003139   Thumb Code   106  tim.o(.text.HAL_TIM_MspPostInit)
    HAL_TIM_OC_DelayElapsedCallback          0x080031a5   Thumb Code     8  stm32f4xx_hal_tim.o(.text.HAL_TIM_OC_DelayElapsedCallback)
    HAL_TIM_PWM_ConfigChannel                0x080031ad   Thumb Code   322  stm32f4xx_hal_tim.o(.text.HAL_TIM_PWM_ConfigChannel)
    HAL_TIM_PWM_Init                         0x080032f1   Thumb Code   156  stm32f4xx_hal_tim.o(.text.HAL_TIM_PWM_Init)
    HAL_TIM_PWM_MspInit                      0x0800338d   Thumb Code   178  tim.o(.text.HAL_TIM_PWM_MspInit)
    HAL_TIM_PWM_PulseFinishedCallback        0x08003441   Thumb Code     8  stm32f4xx_hal_tim.o(.text.HAL_TIM_PWM_PulseFinishedCallback)
    HAL_TIM_PWM_PulseFinishedHalfCpltCallback 0x08003449   Thumb Code     8  stm32f4xx_hal_tim.o(.text.HAL_TIM_PWM_PulseFinishedHalfCpltCallback)
    HAL_TIM_PWM_Start_DMA                    0x08003451   Thumb Code   986  stm32f4xx_hal_tim.o(.text.HAL_TIM_PWM_Start_DMA)
    HAL_TIM_PeriodElapsedCallback            0x0800382d   Thumb Code    34  main.o(.text.HAL_TIM_PeriodElapsedCallback)
    HAL_TIM_TriggerCallback                  0x08003851   Thumb Code     8  stm32f4xx_hal_tim.o(.text.HAL_TIM_TriggerCallback)
    HardFault_Handler                        0x080039e9   Thumb Code     4  stm32f4xx_it.o(.text.HardFault_Handler)
    IMU_QuaternionEKF_Init                   0x08003c1d   Thumb Code   314  quaternionekf.o(.text.IMU_QuaternionEKF_Init)
    IMU_QuaternionEKF_Update                 0x08003ea9   Thumb Code  1392  quaternionekf.o(.text.IMU_QuaternionEKF_Update)
    Kalman_Filter_Init                       0x08004a95   Thumb Code  1610  kalman_filter.o(.text.Kalman_Filter_Init)
    Kalman_Filter_Measure                    0x080050e1   Thumb Code    98  kalman_filter.o(.text.Kalman_Filter_Measure)
    Kalman_Filter_P_Update                   0x08005145   Thumb Code   128  kalman_filter.o(.text.Kalman_Filter_P_Update)
    Kalman_Filter_PminusUpdate               0x080051c5   Thumb Code   126  kalman_filter.o(.text.Kalman_Filter_PminusUpdate)
    Kalman_Filter_SetK                       0x08005245   Thumb Code   250  kalman_filter.o(.text.Kalman_Filter_SetK)
    Kalman_Filter_Update                     0x08005341   Thumb Code   400  kalman_filter.o(.text.Kalman_Filter_Update)
    Kalman_Filter_xhatMinusUpdate            0x080054d1   Thumb Code   162  kalman_filter.o(.text.Kalman_Filter_xhatMinusUpdate)
    Kalman_Filter_xhatUpdate                 0x08005575   Thumb Code   172  kalman_filter.o(.text.Kalman_Filter_xhatUpdate)
    MX_DMA_Init                              0x08005621   Thumb Code   100  dma.o(.text.MX_DMA_Init)
    MX_FREERTOS_Init                         0x08005685   Thumb Code    74  freertos.o(.text.MX_FREERTOS_Init)
    MX_GPIO_Init                             0x080056d1   Thumb Code   330  gpio.o(.text.MX_GPIO_Init)
    MX_SPI2_Init                             0x0800581d   Thumb Code    82  spi.o(.text.MX_SPI2_Init)
    MX_TIM3_Init                             0x08005871   Thumb Code   154  tim.o(.text.MX_TIM3_Init)
    MemManage_Handler                        0x0800590d   Thumb Code     4  stm32f4xx_it.o(.text.MemManage_Handler)
    MyMahony_GetAngle                        0x08005911   Thumb Code   184  mymahonyahrs.o(.text.MyMahony_GetAngle)
    MyMahony_Init                            0x080059cd   Thumb Code    74  mymahonyahrs.o(.text.MyMahony_Init)
    MyMahony_computeAngles                   0x08005a19   Thumb Code   228  mymahonyahrs.o(.text.MyMahony_computeAngles)
    MyMahony_update                          0x08005b01   Thumb Code  1890  mymahonyahrs.o(.text.MyMahony_update)
    MyMahony_updateIMU                       0x08006265   Thumb Code  1058  mymahonyahrs.o(.text.MyMahony_updateIMU)
    NMI_Handler                              0x080066bd   Thumb Code     4  stm32f4xx_it.o(.text.NMI_Handler)
    PendSV_Handler                           0x08006731   Thumb Code   100  port.o(.text.PendSV_Handler)
    QuaternionEKFAngle                       0x08006795   Thumb Code    56  quaternionekf.o(.text.QuaternionEKFAngle)
    RGB_Task                                 0x080067d1   Thumb Code  1224  rgb.o(.text.RGB_Task)
    SPI2_IRQHandler                          0x08006cdd   Thumb Code    16  stm32f4xx_it.o(.text.SPI2_IRQHandler)
    SVC_Handler                              0x08006f11   Thumb Code    36  port.o(.text.SVC_Handler)
    StartDefaultTask                         0x08006f45   Thumb Code    16  freertos.o(.text.StartDefaultTask)
    StartTask02                              0x08006f55   Thumb Code   184  freertos.o(.text.StartTask02)
    SysTick_Handler                          0x08007019   Thumb Code    30  cmsis_os2.o(.text.SysTick_Handler)
    SystemClock_Config                       0x08007039   Thumb Code   186  main.o(.text.SystemClock_Config)
    SystemInit                               0x080070f5   Thumb Code    18  system_stm32f4xx.o(.text.SystemInit)
    TIM3_IRQHandler                          0x08007109   Thumb Code    16  stm32f4xx_it.o(.text.TIM3_IRQHandler)
    TIM8_TRG_COM_TIM14_IRQHandler            0x08007119   Thumb Code    16  stm32f4xx_it.o(.text.TIM8_TRG_COM_TIM14_IRQHandler)
    TIM_Base_SetConfig                       0x08007129   Thumb Code   432  stm32f4xx_hal_tim.o(.text.TIM_Base_SetConfig)
    TIM_CCxChannelCmd                        0x080072d9   Thumb Code    54  stm32f4xx_hal_tim.o(.text.TIM_CCxChannelCmd)
    TIM_DMADelayPulseHalfCplt                0x080073cd   Thumb Code   116  stm32f4xx_hal_tim.o(.text.TIM_DMADelayPulseHalfCplt)
    TIM_DMAError                             0x08007441   Thumb Code   154  stm32f4xx_hal_tim.o(.text.TIM_DMAError)
    TIM_OC2_SetConfig                        0x080075c9   Thumb Code   244  stm32f4xx_hal_tim.o(.text.TIM_OC2_SetConfig)
    UsageFault_Handler                       0x08007855   Thumb Code     4  stm32f4xx_it.o(.text.UsageFault_Handler)
    WS2812_Task                              0x08007859   Thumb Code    16  ws2812.o(.text.WS2812_Task)
    WS2812_control                           0x08007869   Thumb Code    78  ws2812.o(.text.WS2812_control)
    arm_atan2_f32                            0x080079e1   Thumb Code  1252  fastmathfunctions.o(.text.arm_atan2_f32)
    arm_cos_f32                              0x08007ed1   Thumb Code   252  fastmathfunctions.o(.text.arm_cos_f32)
    arm_mat_add_f32                          0x08007fd9   Thumb Code   104  matrixfunctions.o(.text.arm_mat_add_f32)
    arm_mat_init_f32                         0x08008041   Thumb Code    40  matrixfunctions.o(.text.arm_mat_init_f32)
    arm_mat_inverse_f32                      0x08008069   Thumb Code  1480  matrixfunctions.o(.text.arm_mat_inverse_f32)
    arm_mat_mult_f32                         0x08008631   Thumb Code   272  matrixfunctions.o(.text.arm_mat_mult_f32)
    arm_mat_sub_f32                          0x08008741   Thumb Code   104  matrixfunctions.o(.text.arm_mat_sub_f32)
    arm_mat_trans_f32                        0x080087a9   Thumb Code   138  matrixfunctions.o(.text.arm_mat_trans_f32)
    bmi088_accel_init                        0x08008835   Thumb Code   398  bmi088driver.o(.text.bmi088_accel_init)
    bmi088_gyro_init                         0x080089c5   Thumb Code   326  bmi088driver.o(.text.bmi088_gyro_init)
    clearColor                               0x08008b0d   Thumb Code    74  rgb.o(.text.clearColor)
    fill_buffer_fast                         0x08008b59   Thumb Code   298  ws2812.o(.text.fill_buffer_fast)
    fill_buffer_lut                          0x08008c85   Thumb Code   290  ws2812.o(.text.fill_buffer_lut)
    generate_lut                             0x08008da9   Thumb Code   112  ws2812.o(.text.generate_lut)
    hsl_to_rgb                               0x08008e19   Thumb Code   680  rgb.o(.text.hsl_to_rgb)
    linear_map                               0x0800912d   Thumb Code    70  rgb.o(.text.linear_map)
    main                                     0x08009175   Thumb Code    52  main.o(.text.main)
    osDelay                                  0x080091a9   Thumb Code    52  cmsis_os2.o(.text.osDelay)
    osKernelInitialize                       0x080091dd   Thumb Code    70  cmsis_os2.o(.text.osKernelInitialize)
    osKernelStart                            0x08009225   Thumb Code    82  cmsis_os2.o(.text.osKernelStart)
    osThreadNew                              0x08009279   Thumb Code   346  cmsis_os2.o(.text.osThreadNew)
    pvPortMalloc                             0x0800a279   Thumb Code   492  heap_4.o(.text.pvPortMalloc)
    pxPortInitialiseStack                    0x0800a465   Thumb Code    94  port.o(.text.pxPortInitialiseStack)
    user_malloc                              0x0800a4c5   Thumb Code    24  kalman_filter.o(.text.user_malloc)
    uxListRemove                             0x0800a4dd   Thumb Code    72  list.o(.text.uxListRemove)
    vApplicationGetIdleTaskMemory            0x0800a525   Thumb Code    42  cmsis_os2.o(.text.vApplicationGetIdleTaskMemory)
    vApplicationGetTimerTaskMemory           0x0800a551   Thumb Code    44  cmsis_os2.o(.text.vApplicationGetTimerTaskMemory)
    vListInitialise                          0x0800a57d   Thumb Code    46  list.o(.text.vListInitialise)
    vListInitialiseItem                      0x0800a5ad   Thumb Code    14  list.o(.text.vListInitialiseItem)
    vListInsert                              0x0800a5bd   Thumb Code   106  list.o(.text.vListInsert)
    vListInsertEnd                           0x0800a629   Thumb Code    58  list.o(.text.vListInsertEnd)
    vPortEnterCritical                       0x0800a679   Thumb Code    86  port.o(.text.vPortEnterCritical)
    vPortExitCritical                        0x0800a6d1   Thumb Code    74  port.o(.text.vPortExitCritical)
    vPortFree                                0x0800a71d   Thumb Code   206  heap_4.o(.text.vPortFree)
    vPortSetupTimerInterrupt                 0x0800a7ed   Thumb Code    68  port.o(.text.vPortSetupTimerInterrupt)
    vPortValidateInterruptPriority           0x0800a831   Thumb Code   132  port.o(.text.vPortValidateInterruptPriority)
    vQueueAddToRegistry                      0x0800a8b5   Thumb Code    82  queue.o(.text.vQueueAddToRegistry)
    vQueueWaitForMessageRestricted           0x0800a909   Thumb Code   100  queue.o(.text.vQueueWaitForMessageRestricted)
    vTaskDelay                               0x0800a96d   Thumb Code   110  tasks.o(.text.vTaskDelay)
    vTaskDelayUntil                          0x0800a9dd   Thumb Code   276  tasks.o(.text.vTaskDelayUntil)
    vTaskInternalSetTimeOutState             0x0800aaf1   Thumb Code    36  tasks.o(.text.vTaskInternalSetTimeOutState)
    vTaskMissedYield                         0x0800ab15   Thumb Code    14  tasks.o(.text.vTaskMissedYield)
    vTaskPlaceOnEventList                    0x0800ab25   Thumb Code    66  tasks.o(.text.vTaskPlaceOnEventList)
    vTaskPlaceOnEventListRestricted          0x0800ab69   Thumb Code    82  tasks.o(.text.vTaskPlaceOnEventListRestricted)
    vTaskStartScheduler                      0x0800abbd   Thumb Code   224  tasks.o(.text.vTaskStartScheduler)
    vTaskSuspendAll                          0x0800ac9d   Thumb Code    16  tasks.o(.text.vTaskSuspendAll)
    vTaskSwitchContext                       0x0800acad   Thumb Code   198  tasks.o(.text.vTaskSwitchContext)
    xPortStartScheduler                      0x0800ad75   Thumb Code   342  port.o(.text.xPortStartScheduler)
    xPortSysTickHandler                      0x0800aecd   Thumb Code    60  port.o(.text.xPortSysTickHandler)
    xQueueGenericCreateStatic                0x0800af09   Thumb Code   270  queue.o(.text.xQueueGenericCreateStatic)
    xQueueGenericReset                       0x0800b019   Thumb Code   186  queue.o(.text.xQueueGenericReset)
    xQueueGenericSend                        0x0800b0d5   Thumb Code   556  queue.o(.text.xQueueGenericSend)
    xQueueGenericSendFromISR                 0x0800b301   Thumb Code   332  queue.o(.text.xQueueGenericSendFromISR)
    xQueueReceive                            0x0800b44d   Thumb Code   476  queue.o(.text.xQueueReceive)
    xTaskCheckForTimeOut                     0x0800b629   Thumb Code   204  tasks.o(.text.xTaskCheckForTimeOut)
    xTaskCreate                              0x0800b6f5   Thumb Code   158  tasks.o(.text.xTaskCreate)
    xTaskCreateStatic                        0x0800b795   Thumb Code   206  tasks.o(.text.xTaskCreateStatic)
    xTaskGetSchedulerState                   0x0800b865   Thumb Code    56  tasks.o(.text.xTaskGetSchedulerState)
    xTaskGetTickCount                        0x0800b89d   Thumb Code    20  tasks.o(.text.xTaskGetTickCount)
    xTaskIncrementTick                       0x0800b8b1   Thumb Code   452  tasks.o(.text.xTaskIncrementTick)
    xTaskPriorityDisinherit                  0x0800ba75   Thumb Code   236  tasks.o(.text.xTaskPriorityDisinherit)
    xTaskRemoveFromEventList                 0x0800bb61   Thumb Code   206  tasks.o(.text.xTaskRemoveFromEventList)
    xTaskResumeAll                           0x0800bc31   Thumb Code   390  tasks.o(.text.xTaskResumeAll)
    xTimerCreateTimerTask                    0x0800bdb9   Thumb Code   148  timers.o(.text.xTimerCreateTimerTask)
    xTimerGenericCommand                     0x0800be4d   Thumb Code   176  timers.o(.text.xTimerGenericCommand)
    __ARM_fpclassifyf                        0x0800befd   Thumb Code    38  fpclassifyf.o(i.__ARM_fpclassifyf)
    __hardfp_asinf                           0x0800bf25   Thumb Code   258  asinf.o(i.__hardfp_asinf)
    __hardfp_cosf                            0x0800c051   Thumb Code   280  cosf.o(i.__hardfp_cosf)
    __hardfp_fmod                            0x0800c1a1   Thumb Code   254  fmod.o(i.__hardfp_fmod)
    __hardfp_sinf                            0x0800c2a5   Thumb Code   344  sinf.o(i.__hardfp_sinf)
    __hardfp_sqrtf                           0x0800c435   Thumb Code    58  sqrtf.o(i.__hardfp_sqrtf)
    __mathlib_dbl_invalid                    0x0800c471   Thumb Code    24  dunder.o(i.__mathlib_dbl_invalid)
    __mathlib_flt_infnan                     0x0800c491   Thumb Code     6  funder.o(i.__mathlib_flt_infnan)
    __mathlib_flt_invalid                    0x0800c499   Thumb Code    10  funder.o(i.__mathlib_flt_invalid)
    __mathlib_flt_underflow                  0x0800c4a9   Thumb Code    10  funder.o(i.__mathlib_flt_underflow)
    __mathlib_rredf2                         0x0800c4b9   Thumb Code   316  rredf.o(i.__mathlib_rredf2)
    sqrtf                                    0x0800c60d   Thumb Code    62  sqrtf.o(i.sqrtf)
    __aeabi_d2f                              0x0800c64d   Thumb Code     0  d2f.o(x$fpl$d2f)
    _d2f                                     0x0800c64d   Thumb Code    98  d2f.o(x$fpl$d2f)
    __aeabi_dadd                             0x0800c6b1   Thumb Code     0  daddsub_clz.o(x$fpl$dadd)
    _dadd                                    0x0800c6b1   Thumb Code   332  daddsub_clz.o(x$fpl$dadd)
    __aeabi_ddiv                             0x0800c801   Thumb Code     0  ddiv.o(x$fpl$ddiv)
    _ddiv                                    0x0800c801   Thumb Code   560  ddiv.o(x$fpl$ddiv)
    __aeabi_dmul                             0x0800cab9   Thumb Code     0  dmul.o(x$fpl$dmul)
    _dmul                                    0x0800cab9   Thumb Code   332  dmul.o(x$fpl$dmul)
    __fpl_dnaninf                            0x0800cc0d   Thumb Code   156  dnaninf.o(x$fpl$dnaninf)
    _drem                                    0x0800cca9   Thumb Code   328  drem_clz.o(x$fpl$drem)
    __fpl_dretinf                            0x0800cdf9   Thumb Code    12  dretinf.o(x$fpl$dretinf)
    __aeabi_drsub                            0x0800ce05   Thumb Code     0  daddsub_clz.o(x$fpl$drsb)
    _drsb                                    0x0800ce05   Thumb Code    22  daddsub_clz.o(x$fpl$drsb)
    __aeabi_dsub                             0x0800ce1d   Thumb Code     0  daddsub_clz.o(x$fpl$dsub)
    _dsub                                    0x0800ce1d   Thumb Code   472  daddsub_clz.o(x$fpl$dsub)
    __aeabi_f2d                              0x0800cff9   Thumb Code     0  f2d.o(x$fpl$f2d)
    _f2d                                     0x0800cff9   Thumb Code    86  f2d.o(x$fpl$f2d)
    __fpl_fnaninf                            0x0800d04f   Thumb Code   140  fnaninf.o(x$fpl$fnaninf)
    _fp_init                                 0x0800d0db   Thumb Code    26  fpinit.o(x$fpl$fpinit)
    __fplib_config_fpu_vfp                   0x0800d0f3   Thumb Code     0  fpinit.o(x$fpl$fpinit)
    __fplib_config_pureend_doubles           0x0800d0f3   Thumb Code     0  fpinit.o(x$fpl$fpinit)
    __fpl_fretinf                            0x0800d0f5   Thumb Code    10  fretinf.o(x$fpl$fretinf)
    __I$use$fp                               0x0800d0fe   Number         0  usenofp.o(x$fpl$usenofp)
    AHBPrescTable                            0x0800d120   Data          16  system_stm32f4xx.o(.rodata.AHBPrescTable)
    APBPrescTable                            0x0800d130   Data           8  system_stm32f4xx.o(.rodata.APBPrescTable)
    IMU_QuaternionEKF_F                      0x0800d140   Data         144  quaternionekf.o(.rodata.IMU_QuaternionEKF_F)
    defaultTask_attributes                   0x0800d1f8   Data          36  freertos.o(.rodata.defaultTask_attributes)
    myTask02_attributes                      0x0800d21c   Data          36  freertos.o(.rodata.myTask02_attributes)
    sinTable_f32                             0x0800d240   Data        2052  commontables.o(.rodata.sinTable_f32)
    Region$$Table$$Base                      0x0800da6c   Number         0  anon$$obj.o(Region$$Table)
    Region$$Table$$Limit                     0x0800da8c   Number         0  anon$$obj.o(Region$$Table)
    BMI088_ACCEL_SEN                         0x20000000   Data           4  bmi088driver.o(.data.BMI088_ACCEL_SEN)
    BMI088_GYRO_SEN                          0x20000004   Data           4  bmi088driver.o(.data.BMI088_GYRO_SEN)
    DMAPWM_Tim3_Channl2                      0x20000008   Data          16  dma_pwm.o(.data.DMAPWM_Tim3_Channl2)
    IMU_QuaternionEKF_P                      0x20000024   Data         144  quaternionekf.o(.data.IMU_QuaternionEKF_P)
    RGB_buffer                               0x200000b4   Data         300  rgb.o(.data.RGB_buffer)
    SystemCoreClock                          0x200001ec   Data           4  system_stm32f4xx.o(.data.SystemCoreClock)
    WS2812                                   0x200001f0   Data          20  ws2812.o(.data.WS2812)
    uwTickFreq                               0x20000204   Data           1  stm32f4xx_hal.o(.data.uwTickFreq)
    uwTickPrio                               0x20000208   Data           4  stm32f4xx_hal.o(.data.uwTickPrio)
    __libspace_start                         0x20000238   Data          96  libspace.o(.bss)
    AccelAndGyro                             0x20000298   Data           8  rgb.o(.bss.AccelAndGyro)
    __temporary_stack_top$libspace           0x20000298   Data           0  libspace.o(.bss)
    Angle                                    0x200002a0   Data          12  freertos.o(.bss.Angle)
    IMU_QuaternionEKF_H                      0x200002b8   Data          72  quaternionekf.o(.bss.IMU_QuaternionEKF_H)
    IMU_QuaternionEKF_K                      0x20000300   Data          72  quaternionekf.o(.bss.IMU_QuaternionEKF_K)
    MahonyAHRS                               0x2000034c   Data          52  mymahonyahrs.o(.bss.MahonyAHRS)
    QEKF_INS                                 0x20000380   Data         480  quaternionekf.o(.bss.QEKF_INS)
    accel                                    0x20000574   Data          12  freertos.o(.bss.accel)
    ax_world                                 0x20000580   Data           4  rgb.o(.bss.ax_world)
    ay_world                                 0x20000584   Data           4  rgb.o(.bss.ay_world)
    az_world                                 0x20000588   Data           4  rgb.o(.bss.az_world)
    defaultTaskHandle                        0x2000058c   Data           4  freertos.o(.bss.defaultTaskHandle)
    gx                                       0x20000590   Data           4  rgb.o(.bss.gx)
    gy                                       0x20000594   Data           4  rgb.o(.bss.gy)
    gyro                                     0x20000598   Data          12  freertos.o(.bss.gyro)
    gz                                       0x200005a4   Data           4  rgb.o(.bss.gz)
    hdma_spi2_rx                             0x200005a8   Data          96  spi.o(.bss.hdma_spi2_rx)
    hdma_spi2_tx                             0x20000608   Data          96  spi.o(.bss.hdma_spi2_tx)
    hdma_tim3_ch2                            0x20000668   Data          96  tim.o(.bss.hdma_tim3_ch2)
    hspi2                                    0x200006c8   Data          88  spi.o(.bss.hspi2)
    htim14                                   0x20000720   Data          72  stm32f4xx_hal_timebase_tim.o(.bss.htim14)
    htim3                                    0x20000768   Data          72  tim.o(.bss.htim3)
    lut                                      0x200007b0   Data        8192  ws2812.o(.bss.lut)
    myTask02Handle                           0x200027b0   Data           4  freertos.o(.bss.myTask02Handle)
    pitch_EKF                                0x200027b4   Data           4  quaternionekf.o(.bss.pitch_EKF)
    pwm_buffer                               0x200028ac   Data        9604  ws2812.o(.bss.pwm_buffer)
    pxCurrentTCB                             0x20004e30   Data           4  tasks.o(.bss.pxCurrentTCB)
    roll_EKF                                 0x200052a8   Data           4  quaternionekf.o(.bss.roll_EKF)
    sizeof_double                            0x200052ac   Data           2  kalman_filter.o(.bss.sizeof_double)
    sizeof_float                             0x200052ae   Data           2  kalman_filter.o(.bss.sizeof_float)
    temp                                     0x200052b0   Data           4  freertos.o(.bss.temp)
    uwTick                                   0x20008ebc   Data           4  stm32f4xx_hal.o(.bss.uwTick)
    xQueueRegistry                           0x20009614   Data          64  queue.o(.bss.xQueueRegistry)
    yaw_EKF                                  0x20009698   Data           4  quaternionekf.o(.bss.yaw_EKF)



==============================================================================

Memory Map of the image

  Image Entry point : 0x08000189

  Load Region LR_IROM1 (Base: 0x08000000, Size: 0x0000dcc8, Max: 0x00100000, ABSOLUTE, COMPRESSED[0x0000db18])

    Execution Region ER_IROM1 (Exec base: 0x08000000, Load base: 0x08000000, Size: 0x0000da8c, Max: 0x00100000, ABSOLUTE)

    Exec Addr    Load Addr    Size         Type   Attr      Idx    E Section Name        Object

    0x08000000   0x08000000   0x00000188   Data   RO            3    RESET               startup_stm32f405xx.o
    0x08000188   0x08000188   0x00000008   Code   RO         3943  * !!!main             c_w.l(__main.o)
    0x08000190   0x08000190   0x0000005c   Code   RO         4327    !!!scatter          c_w.l(__scatter.o)
    0x080001ec   0x080001ec   0x0000005a   Code   RO         4325    !!dczerorl2         c_w.l(__dczerorl2.o)
    0x08000246   0x08000246   0x00000002   PAD
    0x08000248   0x08000248   0x00000002   Code   RO         4328    !!handler_null      c_w.l(__scatter.o)
    0x0800024a   0x0800024a   0x00000002   PAD
    0x0800024c   0x0800024c   0x0000001c   Code   RO         4331    !!handler_zi        c_w.l(__scatter_zi.o)
    0x08000268   0x08000268   0x00000002   Code   RO         4190    .ARM.Collect$$libinit$$00000000  c_w.l(libinit.o)
    0x0800026a   0x0800026a   0x00000004   Code   RO         4199    .ARM.Collect$$libinit$$00000001  c_w.l(libinit2.o)
    0x0800026e   0x0800026e   0x00000000   Code   RO         4202    .ARM.Collect$$libinit$$00000004  c_w.l(libinit2.o)
    0x0800026e   0x0800026e   0x00000000   Code   RO         4204    .ARM.Collect$$libinit$$00000006  c_w.l(libinit2.o)
    0x0800026e   0x0800026e   0x00000000   Code   RO         4207    .ARM.Collect$$libinit$$0000000C  c_w.l(libinit2.o)
    0x0800026e   0x0800026e   0x00000000   Code   RO         4209    .ARM.Collect$$libinit$$0000000E  c_w.l(libinit2.o)
    0x0800026e   0x0800026e   0x00000000   Code   RO         4211    .ARM.Collect$$libinit$$00000010  c_w.l(libinit2.o)
    0x0800026e   0x0800026e   0x00000000   Code   RO         4214    .ARM.Collect$$libinit$$00000013  c_w.l(libinit2.o)
    0x0800026e   0x0800026e   0x00000000   Code   RO         4216    .ARM.Collect$$libinit$$00000015  c_w.l(libinit2.o)
    0x0800026e   0x0800026e   0x00000000   Code   RO         4218    .ARM.Collect$$libinit$$00000017  c_w.l(libinit2.o)
    0x0800026e   0x0800026e   0x00000000   Code   RO         4220    .ARM.Collect$$libinit$$00000019  c_w.l(libinit2.o)
    0x0800026e   0x0800026e   0x00000000   Code   RO         4222    .ARM.Collect$$libinit$$0000001B  c_w.l(libinit2.o)
    0x0800026e   0x0800026e   0x00000000   Code   RO         4224    .ARM.Collect$$libinit$$0000001D  c_w.l(libinit2.o)
    0x0800026e   0x0800026e   0x00000000   Code   RO         4226    .ARM.Collect$$libinit$$0000001F  c_w.l(libinit2.o)
    0x0800026e   0x0800026e   0x00000000   Code   RO         4228    .ARM.Collect$$libinit$$00000021  c_w.l(libinit2.o)
    0x0800026e   0x0800026e   0x00000000   Code   RO         4230    .ARM.Collect$$libinit$$00000023  c_w.l(libinit2.o)
    0x0800026e   0x0800026e   0x00000000   Code   RO         4232    .ARM.Collect$$libinit$$00000025  c_w.l(libinit2.o)
    0x0800026e   0x0800026e   0x00000000   Code   RO         4234    .ARM.Collect$$libinit$$00000027  c_w.l(libinit2.o)
    0x0800026e   0x0800026e   0x00000000   Code   RO         4238    .ARM.Collect$$libinit$$0000002E  c_w.l(libinit2.o)
    0x0800026e   0x0800026e   0x00000000   Code   RO         4240    .ARM.Collect$$libinit$$00000030  c_w.l(libinit2.o)
    0x0800026e   0x0800026e   0x00000000   Code   RO         4242    .ARM.Collect$$libinit$$00000032  c_w.l(libinit2.o)
    0x0800026e   0x0800026e   0x00000000   Code   RO         4244    .ARM.Collect$$libinit$$00000034  c_w.l(libinit2.o)
    0x0800026e   0x0800026e   0x00000002   Code   RO         4245    .ARM.Collect$$libinit$$00000035  c_w.l(libinit2.o)
    0x08000270   0x08000270   0x00000002   Code   RO         4280    .ARM.Collect$$libshutdown$$00000000  c_w.l(libshutdown.o)
    0x08000272   0x08000272   0x00000000   Code   RO         4308    .ARM.Collect$$libshutdown$$00000002  c_w.l(libshutdown2.o)
    0x08000272   0x08000272   0x00000000   Code   RO         4310    .ARM.Collect$$libshutdown$$00000004  c_w.l(libshutdown2.o)
    0x08000272   0x08000272   0x00000000   Code   RO         4313    .ARM.Collect$$libshutdown$$00000007  c_w.l(libshutdown2.o)
    0x08000272   0x08000272   0x00000000   Code   RO         4316    .ARM.Collect$$libshutdown$$0000000A  c_w.l(libshutdown2.o)
    0x08000272   0x08000272   0x00000000   Code   RO         4318    .ARM.Collect$$libshutdown$$0000000C  c_w.l(libshutdown2.o)
    0x08000272   0x08000272   0x00000000   Code   RO         4321    .ARM.Collect$$libshutdown$$0000000F  c_w.l(libshutdown2.o)
    0x08000272   0x08000272   0x00000002   Code   RO         4322    .ARM.Collect$$libshutdown$$00000010  c_w.l(libshutdown2.o)
    0x08000274   0x08000274   0x00000000   Code   RO         4078    .ARM.Collect$$rtentry$$00000000  c_w.l(__rtentry.o)
    0x08000274   0x08000274   0x00000000   Code   RO         4151    .ARM.Collect$$rtentry$$00000002  c_w.l(__rtentry2.o)
    0x08000274   0x08000274   0x00000006   Code   RO         4163    .ARM.Collect$$rtentry$$00000004  c_w.l(__rtentry4.o)
    0x0800027a   0x0800027a   0x00000000   Code   RO         4153    .ARM.Collect$$rtentry$$00000009  c_w.l(__rtentry2.o)
    0x0800027a   0x0800027a   0x00000004   Code   RO         4154    .ARM.Collect$$rtentry$$0000000A  c_w.l(__rtentry2.o)
    0x0800027e   0x0800027e   0x00000000   Code   RO         4156    .ARM.Collect$$rtentry$$0000000C  c_w.l(__rtentry2.o)
    0x0800027e   0x0800027e   0x00000008   Code   RO         4157    .ARM.Collect$$rtentry$$0000000D  c_w.l(__rtentry2.o)
    0x08000286   0x08000286   0x00000002   Code   RO         4191    .ARM.Collect$$rtexit$$00000000  c_w.l(rtexit.o)
    0x08000288   0x08000288   0x00000000   Code   RO         4251    .ARM.Collect$$rtexit$$00000002  c_w.l(rtexit2.o)
    0x08000288   0x08000288   0x00000004   Code   RO         4252    .ARM.Collect$$rtexit$$00000003  c_w.l(rtexit2.o)
    0x0800028c   0x0800028c   0x00000006   Code   RO         4253    .ARM.Collect$$rtexit$$00000004  c_w.l(rtexit2.o)
    0x08000292   0x08000292   0x00000002   PAD
    0x08000294   0x08000294   0x00000040   Code   RO            4    .text               startup_stm32f405xx.o
    0x080002d4   0x080002d4   0x000000f0   Code   RO         3925    .text               c_w.l(lludivv7m.o)
    0x080003c4   0x080003c4   0x0000008a   Code   RO         3929    .text               c_w.l(rt_memcpy_v6.o)
    0x0800044e   0x0800044e   0x00000064   Code   RO         3931    .text               c_w.l(rt_memcpy_w.o)
    0x080004b2   0x080004b2   0x00000010   Code   RO         3935    .text               c_w.l(aeabi_memset4.o)
    0x080004c2   0x080004c2   0x00000044   Code   RO         3937    .text               c_w.l(rt_memclr.o)
    0x08000506   0x08000506   0x0000004e   Code   RO         3939    .text               c_w.l(rt_memclr_w.o)
    0x08000554   0x08000554   0x00000006   Code   RO         3941    .text               c_w.l(heapauxi.o)
    0x0800055a   0x0800055a   0x00000016   Code   RO         4083    .text               c_w.l(_rserrno.o)
    0x08000570   0x08000570   0x00000008   Code   RO         4170    .text               c_w.l(rt_errno_addr_intlibspace.o)
    0x08000578   0x08000578   0x00000008   Code   RO         4174    .text               c_w.l(libspace.o)
    0x08000580   0x08000580   0x0000004a   Code   RO         4177    .text               c_w.l(sys_stackheap_outer.o)
    0x080005ca   0x080005ca   0x00000012   Code   RO         4179    .text               c_w.l(exit.o)
    0x080005dc   0x080005dc   0x0000000c   Code   RO         4246    .text               c_w.l(sys_exit.o)
    0x080005e8   0x080005e8   0x00000002   Code   RO         4269    .text               c_w.l(use_no_semi.o)
    0x080005ea   0x080005ea   0x00000000   Code   RO         4271    .text               c_w.l(indicate_semi.o)
    0x080005ea   0x080005ea   0x00000002   PAD
    0x080005ec   0x080005ec   0x00000014   Code   RO         1847    .text.BMI088_ACCEL_NS_H  bmi088middleware.o
    0x08000600   0x08000600   0x00000014   Code   RO         1845    .text.BMI088_ACCEL_NS_L  bmi088middleware.o
    0x08000614   0x08000614   0x00000002   Code   RO         1837    .text.BMI088_GPIO_init  bmi088middleware.o
    0x08000616   0x08000616   0x00000002   PAD
    0x08000618   0x08000618   0x00000014   Code   RO         1851    .text.BMI088_GYRO_NS_H  bmi088middleware.o
    0x0800062c   0x0800062c   0x00000014   Code   RO         1849    .text.BMI088_GYRO_NS_L  bmi088middleware.o
    0x08000640   0x08000640   0x00000002   Code   RO         1839    .text.BMI088_com_init  bmi088middleware.o
    0x08000642   0x08000642   0x00000002   PAD
    0x08000644   0x08000644   0x00000026   Code   RO         1841    .text.BMI088_delay_ms  bmi088middleware.o
    0x0800066a   0x0800066a   0x00000002   PAD
    0x0800066c   0x0800066c   0x0000008e   Code   RO         1843    .text.BMI088_delay_us  bmi088middleware.o
    0x080006fa   0x080006fa   0x00000002   PAD
    0x080006fc   0x080006fc   0x0000003a   Code   RO         1812    .text.BMI088_init   bmi088driver.o
    0x08000736   0x08000736   0x00000002   PAD
    0x08000738   0x08000738   0x000001c0   Code   RO         1822    .text.BMI088_read   bmi088driver.o
    0x080008f8   0x080008f8   0x00000044   Code   RO         1824    .text.BMI088_read_muli_reg  bmi088driver.o
    0x0800093c   0x0800093c   0x00000024   Code   RO         1820    .text.BMI088_read_single_reg  bmi088driver.o
    0x08000960   0x08000960   0x0000002e   Code   RO         1853    .text.BMI088_read_write_byte  bmi088middleware.o
    0x0800098e   0x0800098e   0x00000002   PAD
    0x08000990   0x08000990   0x00000020   Code   RO         1818    .text.BMI088_write_single_reg  bmi088driver.o
    0x080009b0   0x080009b0   0x00000004   Code   RO          106    .text.BusFault_Handler  stm32f4xx_it.o
    0x080009b4   0x080009b4   0x00000010   Code   RO          112    .text.DMA1_Stream3_IRQHandler  stm32f4xx_it.o
    0x080009c4   0x080009c4   0x00000010   Code   RO          114    .text.DMA1_Stream4_IRQHandler  stm32f4xx_it.o
    0x080009d4   0x080009d4   0x00000010   Code   RO          116    .text.DMA1_Stream5_IRQHandler  stm32f4xx_it.o
    0x080009e4   0x080009e4   0x00000018   Code   RO         1728    .text.DMAPWM_Control  dma_pwm.o
    0x080009fc   0x080009fc   0x00000010   Code   RO         1730    .text.DMAPWM_Task   dma_pwm.o
    0x08000a0c   0x08000a0c   0x00000056   Code   RO          667    .text.DMA_CalcBaseAndBitshift  stm32f4xx_hal_dma.o
    0x08000a62   0x08000a62   0x00000002   PAD
    0x08000a64   0x08000a64   0x000000f0   Code   RO          665    .text.DMA_CheckFifoParam  stm32f4xx_hal_dma.o
    0x08000b54   0x08000b54   0x00000050   Code   RO          673    .text.DMA_SetConfig  stm32f4xx_hal_dma.o
    0x08000ba4   0x08000ba4   0x0000002e   Code   RO         1799    .text.DWT_Init      dwt_delay.o
    0x08000bd2   0x08000bd2   0x00000002   PAD
    0x08000bd4   0x08000bd4   0x00000002   Code   RO          110    .text.DebugMon_Handler  stm32f4xx_it.o
    0x08000bd6   0x08000bd6   0x00000002   PAD
    0x08000bd8   0x08000bd8   0x00000006   Code   RO           15    .text.Error_Handler  main.o
    0x08000bde   0x08000bde   0x00000002   PAD
    0x08000be0   0x08000be0   0x000001d4   Code   RO         1947    .text.Get_EKFAngle  quaternionekf.o
    0x08000db4   0x08000db4   0x00000044   Code   RO          679    .text.HAL_DMA_Abort_IT  stm32f4xx_hal_dma.o
    0x08000df8   0x08000df8   0x0000031e   Code   RO          683    .text.HAL_DMA_IRQHandler  stm32f4xx_hal_dma.o
    0x08001116   0x08001116   0x00000002   PAD
    0x08001118   0x08001118   0x0000016e   Code   RO          663    .text.HAL_DMA_Init  stm32f4xx_hal_dma.o
    0x08001286   0x08001286   0x00000002   PAD
    0x08001288   0x08001288   0x000000c2   Code   RO          675    .text.HAL_DMA_Start_IT  stm32f4xx_hal_dma.o
    0x0800134a   0x0800134a   0x00000002   PAD
    0x0800134c   0x0800134c   0x000003b6   Code   RO          625    .text.HAL_GPIO_Init  stm32f4xx_hal_gpio.o
    0x08001702   0x08001702   0x00000002   PAD
    0x08001704   0x08001704   0x0000002e   Code   RO          631    .text.HAL_GPIO_WritePin  stm32f4xx_hal_gpio.o
    0x08001732   0x08001732   0x00000002   PAD
    0x08001734   0x08001734   0x0000000c   Code   RO          850    .text.HAL_GetTick   stm32f4xx_hal.o
    0x08001740   0x08001740   0x0000001a   Code   RO          848    .text.HAL_IncTick   stm32f4xx_hal.o
    0x0800175a   0x0800175a   0x00000002   PAD
    0x0800175c   0x0800175c   0x00000036   Code   RO          838    .text.HAL_Init      stm32f4xx_hal.o
    0x08001792   0x08001792   0x00000002   PAD
    0x08001794   0x08001794   0x000000f0   Code   RO          139    .text.HAL_InitTick  stm32f4xx_hal_timebase_tim.o
    0x08001884   0x08001884   0x00000058   Code   RO          131    .text.HAL_MspInit   stm32f4xx_hal_msp.o
    0x080018dc   0x080018dc   0x00000014   Code   RO          773    .text.HAL_NVIC_EnableIRQ  stm32f4xx_hal_cortex.o
    0x080018f0   0x080018f0   0x00000032   Code   RO          765    .text.HAL_NVIC_SetPriority  stm32f4xx_hal_cortex.o
    0x08001922   0x08001922   0x00000002   PAD
    0x08001924   0x08001924   0x00000010   Code   RO          761    .text.HAL_NVIC_SetPriorityGrouping  stm32f4xx_hal_cortex.o
    0x08001934   0x08001934   0x00000262   Code   RO          493    .text.HAL_RCC_ClockConfig  stm32f4xx_hal_rcc.o
    0x08001b96   0x08001b96   0x00000002   PAD
    0x08001b98   0x08001b98   0x00000054   Code   RO          511    .text.HAL_RCC_GetClockConfig  stm32f4xx_hal_rcc.o
    0x08001bec   0x08001bec   0x0000000c   Code   RO          503    .text.HAL_RCC_GetHCLKFreq  stm32f4xx_hal_rcc.o
    0x08001bf8   0x08001bf8   0x00000022   Code   RO          505    .text.HAL_RCC_GetPCLK1Freq  stm32f4xx_hal_rcc.o
    0x08001c1a   0x08001c1a   0x00000002   PAD
    0x08001c1c   0x08001c1c   0x000000e6   Code   RO          495    .text.HAL_RCC_GetSysClockFreq  stm32f4xx_hal_rcc.o
    0x08001d02   0x08001d02   0x00000002   PAD
    0x08001d04   0x08001d04   0x000006be   Code   RO          491    .text.HAL_RCC_OscConfig  stm32f4xx_hal_rcc.o
    0x080023c2   0x080023c2   0x00000002   PAD
    0x080023c4   0x080023c4   0x00000008   Code   RO         1011    .text.HAL_SPI_ErrorCallback  stm32f4xx_hal_spi.o
    0x080023cc   0x080023cc   0x00000230   Code   RO         1007    .text.HAL_SPI_IRQHandler  stm32f4xx_hal_spi.o
    0x080025fc   0x080025fc   0x00000102   Code   RO          927    .text.HAL_SPI_Init  stm32f4xx_hal_spi.o
    0x080026fe   0x080026fe   0x00000002   PAD
    0x08002700   0x08002700   0x00000198   Code   RO           69    .text.HAL_SPI_MspInit  spi.o
    0x08002898   0x08002898   0x000003a2   Code   RO          941    .text.HAL_SPI_TransmitReceive  stm32f4xx_hal_spi.o
    0x08002c3a   0x08002c3a   0x00000002   PAD
    0x08002c3c   0x08002c3c   0x00000008   Code   RO          476    .text.HAL_TIMEx_BreakCallback  stm32f4xx_hal_tim_ex.o
    0x08002c44   0x08002c44   0x00000008   Code   RO          472    .text.HAL_TIMEx_CommutCallback  stm32f4xx_hal_tim_ex.o
    0x08002c4c   0x08002c4c   0x00000122   Code   RO          466    .text.HAL_TIMEx_MasterConfigSynchronization  stm32f4xx_hal_tim_ex.o
    0x08002d6e   0x08002d6e   0x00000002   PAD
    0x08002d70   0x08002d70   0x0000009c   Code   RO          153    .text.HAL_TIM_Base_Init  stm32f4xx_hal_tim.o
    0x08002e0c   0x08002e0c   0x00000008   Code   RO          155    .text.HAL_TIM_Base_MspInit  stm32f4xx_hal_tim.o
    0x08002e14   0x08002e14   0x000000f6   Code   RO          167    .text.HAL_TIM_Base_Start_IT  stm32f4xx_hal_tim.o
    0x08002f0a   0x08002f0a   0x00000002   PAD
    0x08002f0c   0x08002f0c   0x00000008   Code   RO          371    .text.HAL_TIM_ErrorCallback  stm32f4xx_hal_tim.o
    0x08002f14   0x08002f14   0x00000008   Code   RO          289    .text.HAL_TIM_IC_CaptureCallback  stm32f4xx_hal_tim.o
    0x08002f1c   0x08002f1c   0x0000021a   Code   RO          287    .text.HAL_TIM_IRQHandler  stm32f4xx_hal_tim.o
    0x08003136   0x08003136   0x00000002   PAD
    0x08003138   0x08003138   0x0000006a   Code   RO           85    .text.HAL_TIM_MspPostInit  tim.o
    0x080031a2   0x080031a2   0x00000002   PAD
    0x080031a4   0x080031a4   0x00000008   Code   RO          291    .text.HAL_TIM_OC_DelayElapsedCallback  stm32f4xx_hal_tim.o
    0x080031ac   0x080031ac   0x00000142   Code   RO          319    .text.HAL_TIM_PWM_ConfigChannel  stm32f4xx_hal_tim.o
    0x080032ee   0x080032ee   0x00000002   PAD
    0x080032f0   0x080032f0   0x0000009c   Code   RO          207    .text.HAL_TIM_PWM_Init  stm32f4xx_hal_tim.o
    0x0800338c   0x0800338c   0x000000b2   Code   RO           87    .text.HAL_TIM_PWM_MspInit  tim.o
    0x0800343e   0x0800343e   0x00000002   PAD
    0x08003440   0x08003440   0x00000008   Code   RO          293    .text.HAL_TIM_PWM_PulseFinishedCallback  stm32f4xx_hal_tim.o
    0x08003448   0x08003448   0x00000008   Code   RO          367    .text.HAL_TIM_PWM_PulseFinishedHalfCpltCallback  stm32f4xx_hal_tim.o
    0x08003450   0x08003450   0x000003da   Code   RO          223    .text.HAL_TIM_PWM_Start_DMA  stm32f4xx_hal_tim.o
    0x0800382a   0x0800382a   0x00000002   PAD
    0x0800382c   0x0800382c   0x00000022   Code   RO           17    .text.HAL_TIM_PeriodElapsedCallback  main.o
    0x0800384e   0x0800384e   0x00000002   PAD
    0x08003850   0x08003850   0x00000008   Code   RO          297    .text.HAL_TIM_TriggerCallback  stm32f4xx_hal_tim.o
    0x08003858   0x08003858   0x0000018e   Code   RO         1902    .text.H_K_R_Adjustment  kalman_filter.o
    0x080039e6   0x080039e6   0x00000002   PAD
    0x080039e8   0x080039e8   0x00000004   Code   RO          102    .text.HardFault_Handler  stm32f4xx_it.o
    0x080039ec   0x080039ec   0x00000230   Code   RO         1929    .text.IMU_QuaternionEKF_F_Linearization_P_Fading  quaternionekf.o
    0x08003c1c   0x08003c1c   0x0000013a   Code   RO         1925    .text.IMU_QuaternionEKF_Init  quaternionekf.o
    0x08003d56   0x08003d56   0x00000002   PAD
    0x08003d58   0x08003d58   0x00000048   Code   RO         1927    .text.IMU_QuaternionEKF_Observe  quaternionekf.o
    0x08003da0   0x08003da0   0x00000106   Code   RO         1931    .text.IMU_QuaternionEKF_SetH  quaternionekf.o
    0x08003ea6   0x08003ea6   0x00000002   PAD
    0x08003ea8   0x08003ea8   0x0000058c   Code   RO         1937    .text.IMU_QuaternionEKF_Update  quaternionekf.o
    0x08004434   0x08004434   0x00000660   Code   RO         1933    .text.IMU_QuaternionEKF_xhatUpdate  quaternionekf.o
    0x08004a94   0x08004a94   0x0000064a   Code   RO         1896    .text.Kalman_Filter_Init  kalman_filter.o
    0x080050de   0x080050de   0x00000002   PAD
    0x080050e0   0x080050e0   0x00000062   Code   RO         1900    .text.Kalman_Filter_Measure  kalman_filter.o
    0x08005142   0x08005142   0x00000002   PAD
    0x08005144   0x08005144   0x00000080   Code   RO         1912    .text.Kalman_Filter_P_Update  kalman_filter.o
    0x080051c4   0x080051c4   0x0000007e   Code   RO         1906    .text.Kalman_Filter_PminusUpdate  kalman_filter.o
    0x08005242   0x08005242   0x00000002   PAD
    0x08005244   0x08005244   0x000000fa   Code   RO         1908    .text.Kalman_Filter_SetK  kalman_filter.o
    0x0800533e   0x0800533e   0x00000002   PAD
    0x08005340   0x08005340   0x00000190   Code   RO         1914    .text.Kalman_Filter_Update  kalman_filter.o
    0x080054d0   0x080054d0   0x000000a2   Code   RO         1904    .text.Kalman_Filter_xhatMinusUpdate  kalman_filter.o
    0x08005572   0x08005572   0x00000002   PAD
    0x08005574   0x08005574   0x000000ac   Code   RO         1910    .text.Kalman_Filter_xhatUpdate  kalman_filter.o
    0x08005620   0x08005620   0x00000064   Code   RO           59    .text.MX_DMA_Init   dma.o
    0x08005684   0x08005684   0x0000004a   Code   RO           35    .text.MX_FREERTOS_Init  freertos.o
    0x080056ce   0x080056ce   0x00000002   PAD
    0x080056d0   0x080056d0   0x0000014a   Code   RO           27    .text.MX_GPIO_Init  gpio.o
    0x0800581a   0x0800581a   0x00000002   PAD
    0x0800581c   0x0800581c   0x00000052   Code   RO           67    .text.MX_SPI2_Init  spi.o
    0x0800586e   0x0800586e   0x00000002   PAD
    0x08005870   0x08005870   0x0000009a   Code   RO           83    .text.MX_TIM3_Init  tim.o
    0x0800590a   0x0800590a   0x00000002   PAD
    0x0800590c   0x0800590c   0x00000004   Code   RO          104    .text.MemManage_Handler  stm32f4xx_it.o
    0x08005910   0x08005910   0x000000bc   Code   RO         1870    .text.MyMahony_GetAngle  mymahonyahrs.o
    0x080059cc   0x080059cc   0x0000004a   Code   RO         1876    .text.MyMahony_Init  mymahonyahrs.o
    0x08005a16   0x08005a16   0x00000002   PAD
    0x08005a18   0x08005a18   0x000000e8   Code   RO         1874    .text.MyMahony_computeAngles  mymahonyahrs.o
    0x08005b00   0x08005b00   0x00000762   Code   RO         1872    .text.MyMahony_update  mymahonyahrs.o
    0x08006262   0x08006262   0x00000002   PAD
    0x08006264   0x08006264   0x00000422   Code   RO         1884    .text.MyMahony_updateIMU  mymahonyahrs.o
    0x08006686   0x08006686   0x00000002   PAD
    0x08006688   0x08006688   0x00000034   Code   RO         1882    .text.MyinvSqrt     mymahonyahrs.o
    0x080066bc   0x080066bc   0x00000004   Code   RO          100    .text.NMI_Handler   stm32f4xx_it.o
    0x080066c0   0x080066c0   0x0000006c   Code   RO          771    .text.NVIC_EncodePriority  stm32f4xx_hal_cortex.o
    0x0800672c   0x0800672c   0x00000004   PAD
    0x08006730   0x08006730   0x00000064   Code   RO         1712    .text.PendSV_Handler  port.o
    0x08006794   0x08006794   0x00000038   Code   RO         1945    .text.QuaternionEKFAngle  quaternionekf.o
    0x080067cc   0x080067cc   0x00000004   PAD
    0x080067d0   0x080067d0   0x0000050c   Code   RO         1752    .text.RGB_Task      rgb.o
    0x08006cdc   0x08006cdc   0x00000010   Code   RO          120    .text.SPI2_IRQHandler  stm32f4xx_it.o
    0x08006cec   0x08006cec   0x00000020   Code   RO         1009    .text.SPI_DMAAbortOnError  stm32f4xx_hal_spi.o
    0x08006d0c   0x08006d0c   0x000000cc   Code   RO          937    .text.SPI_EndRxTxTransaction  stm32f4xx_hal_spi.o
    0x08006dd8   0x08006dd8   0x0000012a   Code   RO         1035    .text.SPI_WaitFlagStateUntilTimeout  stm32f4xx_hal_spi.o
    0x08006f02   0x08006f02   0x0000000e   PAD
    0x08006f10   0x08006f10   0x00000024   Code   RO         1696    .text.SVC_Handler   port.o
    0x08006f34   0x08006f34   0x0000000e   Code   RO         1492    .text.SVC_Setup     cmsis_os2.o
    0x08006f42   0x08006f42   0x00000002   PAD
    0x08006f44   0x08006f44   0x00000010   Code   RO           37    .text.StartDefaultTask  freertos.o
    0x08006f54   0x08006f54   0x000000c4   Code   RO           39    .text.StartTask02   freertos.o
    0x08007018   0x08007018   0x0000001e   Code   RO         1482    .text.SysTick_Handler  cmsis_os2.o
    0x08007036   0x08007036   0x00000002   PAD
    0x08007038   0x08007038   0x000000ba   Code   RO           13    .text.SystemClock_Config  main.o
    0x080070f2   0x080070f2   0x00000002   PAD
    0x080070f4   0x080070f4   0x00000012   Code   RO         1044    .text.SystemInit    system_stm32f4xx.o
    0x08007106   0x08007106   0x00000002   PAD
    0x08007108   0x08007108   0x00000010   Code   RO          118    .text.TIM3_IRQHandler  stm32f4xx_it.o
    0x08007118   0x08007118   0x00000010   Code   RO          122    .text.TIM8_TRG_COM_TIM14_IRQHandler  stm32f4xx_it.o
    0x08007128   0x08007128   0x000001b0   Code   RO          157    .text.TIM_Base_SetConfig  stm32f4xx_hal_tim.o
    0x080072d8   0x080072d8   0x00000036   Code   RO          191    .text.TIM_CCxChannelCmd  stm32f4xx_hal_tim.o
    0x0800730e   0x0800730e   0x00000002   PAD
    0x08007310   0x08007310   0x000000bc   Code   RO          201    .text.TIM_DMADelayPulseCplt  stm32f4xx_hal_tim.o
    0x080073cc   0x080073cc   0x00000074   Code   RO          203    .text.TIM_DMADelayPulseHalfCplt  stm32f4xx_hal_tim.o
    0x08007440   0x08007440   0x0000009a   Code   RO          177    .text.TIM_DMAError  stm32f4xx_hal_tim.o
    0x080074da   0x080074da   0x00000002   PAD
    0x080074dc   0x080074dc   0x000000ea   Code   RO          301    .text.TIM_OC1_SetConfig  stm32f4xx_hal_tim.o
    0x080075c6   0x080075c6   0x00000002   PAD
    0x080075c8   0x080075c8   0x000000f4   Code   RO          303    .text.TIM_OC2_SetConfig  stm32f4xx_hal_tim.o
    0x080076bc   0x080076bc   0x000000f2   Code   RO          305    .text.TIM_OC3_SetConfig  stm32f4xx_hal_tim.o
    0x080077ae   0x080077ae   0x00000002   PAD
    0x080077b0   0x080077b0   0x000000a4   Code   RO          307    .text.TIM_OC4_SetConfig  stm32f4xx_hal_tim.o
    0x08007854   0x08007854   0x00000004   Code   RO          108    .text.UsageFault_Handler  stm32f4xx_it.o
    0x08007858   0x08007858   0x00000010   Code   RO         1786    .text.WS2812_Task   ws2812.o
    0x08007868   0x08007868   0x0000004e   Code   RO         1784    .text.WS2812_control  ws2812.o
    0x080078b6   0x080078b6   0x00000002   PAD
    0x080078b8   0x080078b8   0x00000012   Code   RO         2596    .text.__ARM_signbit  fastmathfunctions.o
    0x080078ca   0x080078ca   0x00000002   PAD
    0x080078cc   0x080078cc   0x00000010   Code   RO         2594    .text.__ARM_signbitf  fastmathfunctions.o
    0x080078dc   0x080078dc   0x00000030   Code   RO          775    .text.__NVIC_EnableIRQ  stm32f4xx_hal_cortex.o
    0x0800790c   0x0800790c   0x00000010   Code   RO          767    .text.__NVIC_GetPriorityGrouping  stm32f4xx_hal_cortex.o
    0x0800791c   0x0800791c   0x00000042   Code   RO          769    .text.__NVIC_SetPriority  stm32f4xx_hal_cortex.o
    0x0800795e   0x0800795e   0x00000002   PAD
    0x08007960   0x08007960   0x00000042   Code   RO         1646    .text.__NVIC_SetPriority  cmsis_os2.o
    0x080079a2   0x080079a2   0x00000002   PAD
    0x080079a4   0x080079a4   0x0000003c   Code   RO          763    .text.__NVIC_SetPriorityGrouping  stm32f4xx_hal_cortex.o
    0x080079e0   0x080079e0   0x000004f0   Code   RO         2592    .text.arm_atan2_f32  fastmathfunctions.o
    0x08007ed0   0x08007ed0   0x00000108   Code   RO         2556    .text.arm_cos_f32   fastmathfunctions.o
    0x08007fd8   0x08007fd8   0x00000068   Code   RO         2919    .text.arm_mat_add_f32  matrixfunctions.o
    0x08008040   0x08008040   0x00000028   Code   RO         2933    .text.arm_mat_init_f32  matrixfunctions.o
    0x08008068   0x08008068   0x000005c8   Code   RO         2939    .text.arm_mat_inverse_f32  matrixfunctions.o
    0x08008630   0x08008630   0x00000110   Code   RO         2945    .text.arm_mat_mult_f32  matrixfunctions.o
    0x08008740   0x08008740   0x00000068   Code   RO         2969    .text.arm_mat_sub_f32  matrixfunctions.o
    0x080087a8   0x080087a8   0x0000008a   Code   RO         2975    .text.arm_mat_trans_f32  matrixfunctions.o
    0x08008832   0x08008832   0x00000002   PAD
    0x08008834   0x08008834   0x0000018e   Code   RO         1814    .text.bmi088_accel_init  bmi088driver.o
    0x080089c2   0x080089c2   0x00000002   PAD
    0x080089c4   0x080089c4   0x00000146   Code   RO         1816    .text.bmi088_gyro_init  bmi088driver.o
    0x08008b0a   0x08008b0a   0x00000002   PAD
    0x08008b0c   0x08008b0c   0x0000004a   Code   RO         1744    .text.clearColor    rgb.o
    0x08008b56   0x08008b56   0x00000002   PAD
    0x08008b58   0x08008b58   0x0000012a   Code   RO         1778    .text.fill_buffer_fast  ws2812.o
    0x08008c82   0x08008c82   0x00000002   PAD
    0x08008c84   0x08008c84   0x00000122   Code   RO         1782    .text.fill_buffer_lut  ws2812.o
    0x08008da6   0x08008da6   0x00000002   PAD
    0x08008da8   0x08008da8   0x00000070   Code   RO         1780    .text.generate_lut  ws2812.o
    0x08008e18   0x08008e18   0x000002e0   Code   RO         1746    .text.hsl_to_rgb    rgb.o
    0x080090f8   0x080090f8   0x00000034   Code   RO         1949    .text.invSqrt       quaternionekf.o
    0x0800912c   0x0800912c   0x00000046   Code   RO         1750    .text.linear_map    rgb.o
    0x08009172   0x08009172   0x00000002   PAD
    0x08009174   0x08009174   0x00000034   Code   RO           11    .text.main          main.o
    0x080091a8   0x080091a8   0x00000034   Code   RO         1550    .text.osDelay       cmsis_os2.o
    0x080091dc   0x080091dc   0x00000046   Code   RO         1484    .text.osKernelInitialize  cmsis_os2.o
    0x08009222   0x08009222   0x00000002   PAD
    0x08009224   0x08009224   0x00000052   Code   RO         1490    .text.osKernelStart  cmsis_os2.o
    0x08009276   0x08009276   0x00000002   PAD
    0x08009278   0x08009278   0x0000015a   Code   RO         1514    .text.osThreadNew   cmsis_os2.o
    0x080093d2   0x080093d2   0x00000002   PAD
    0x080093d4   0x080093d4   0x000000d4   Code   RO         1276    .text.prvAddCurrentTaskToDelayedList  tasks.o
    0x080094a8   0x080094a8   0x00000122   Code   RO         1262    .text.prvAddNewTaskToReadyList  tasks.o
    0x080095ca   0x080095ca   0x00000002   PAD
    0x080095cc   0x080095cc   0x000000a2   Code   RO         1413    .text.prvCheckForValidListAndQueue  timers.o
    0x0800966e   0x0800966e   0x00000002   PAD
    0x08009670   0x08009670   0x0000005a   Code   RO         1380    .text.prvCheckTasksWaitingTermination  tasks.o
    0x080096ca   0x080096ca   0x00000002   PAD
    0x080096cc   0x080096cc   0x00000042   Code   RO         1155    .text.prvCopyDataFromQueue  queue.o
    0x0800970e   0x0800970e   0x00000002   PAD
    0x08009710   0x08009710   0x000000cc   Code   RO         1143    .text.prvCopyDataToQueue  queue.o
    0x080097dc   0x080097dc   0x0000005e   Code   RO         1268    .text.prvDeleteTCB  tasks.o
    0x0800983a   0x0800983a   0x00000002   PAD
    0x0800983c   0x0800983c   0x00000040   Code   RO         1451    .text.prvGetNextExpireTime  timers.o
    0x0800987c   0x0800987c   0x000000bc   Code   RO         1663    .text.prvHeapInit   heap_4.o
    0x08009938   0x08009938   0x00000038   Code   RO         1302    .text.prvIdleTask   tasks.o
    0x08009970   0x08009970   0x00000048   Code   RO         1117    .text.prvInitialiseNewQueue  queue.o
    0x080099b8   0x080099b8   0x00000122   Code   RO         1260    .text.prvInitialiseNewTask  tasks.o
    0x08009ada   0x08009ada   0x00000002   PAD
    0x08009adc   0x08009adc   0x0000008e   Code   RO         1378    .text.prvInitialiseTaskLists  tasks.o
    0x08009b6a   0x08009b6a   0x00000002   PAD
    0x08009b6c   0x08009b6c   0x000000c6   Code   RO         1665    .text.prvInsertBlockIntoFreeList  heap_4.o
    0x08009c32   0x08009c32   0x00000002   PAD
    0x08009c34   0x08009c34   0x00000086   Code   RO         1463    .text.prvInsertTimerInActiveList  timers.o
    0x08009cba   0x08009cba   0x00000002   PAD
    0x08009cbc   0x08009cbc   0x00000028   Code   RO         1157    .text.prvIsQueueEmpty  queue.o
    0x08009ce4   0x08009ce4   0x0000002e   Code   RO         1145    .text.prvIsQueueFull  queue.o
    0x08009d12   0x08009d12   0x00000002   PAD
    0x08009d14   0x08009d14   0x00000028   Code   RO         1704    .text.prvPortStartFirstTask  port.o
    0x08009d3c   0x08009d3c   0x0000008e   Code   RO         1459    .text.prvProcessExpiredTimer  timers.o
    0x08009dca   0x08009dca   0x00000002   PAD
    0x08009dcc   0x08009dcc   0x00000192   Code   RO         1455    .text.prvProcessReceivedCommands  timers.o
    0x08009f5e   0x08009f5e   0x00000002   PAD
    0x08009f60   0x08009f60   0x0000009a   Code   RO         1453    .text.prvProcessTimerOrBlockTask  timers.o
    0x08009ffa   0x08009ffa   0x00000002   PAD
    0x08009ffc   0x08009ffc   0x00000046   Code   RO         1270    .text.prvResetNextTaskUnblockTime  tasks.o
    0x0800a042   0x0800a042   0x00000002   PAD
    0x0800a044   0x0800a044   0x00000044   Code   RO         1457    .text.prvSampleTimeNow  timers.o
    0x0800a088   0x0800a088   0x000000d4   Code   RO         1461    .text.prvSwitchTimerLists  timers.o
    0x0800a15c   0x0800a15c   0x0000004c   Code   RO         1694    .text.prvTaskExitError  port.o
    0x0800a1a8   0x0800a1a8   0x0000001e   Code   RO         1415    .text.prvTimerTask  timers.o
    0x0800a1c6   0x0800a1c6   0x00000002   PAD
    0x0800a1c8   0x0800a1c8   0x000000ae   Code   RO         1147    .text.prvUnlockQueue  queue.o
    0x0800a276   0x0800a276   0x00000002   PAD
    0x0800a278   0x0800a278   0x000001ec   Code   RO         1661    .text.pvPortMalloc  heap_4.o
    0x0800a464   0x0800a464   0x0000005e   Code   RO         1692    .text.pxPortInitialiseStack  port.o
    0x0800a4c2   0x0800a4c2   0x00000002   PAD
    0x0800a4c4   0x0800a4c4   0x00000018   Code   RO         1894    .text.user_malloc   kalman_filter.o
    0x0800a4dc   0x0800a4dc   0x00000048   Code   RO         1104    .text.uxListRemove  list.o
    0x0800a524   0x0800a524   0x0000002a   Code   RO         1642    .text.vApplicationGetIdleTaskMemory  cmsis_os2.o
    0x0800a54e   0x0800a54e   0x00000002   PAD
    0x0800a550   0x0800a550   0x0000002c   Code   RO         1644    .text.vApplicationGetTimerTaskMemory  cmsis_os2.o
    0x0800a57c   0x0800a57c   0x0000002e   Code   RO         1096    .text.vListInitialise  list.o
    0x0800a5aa   0x0800a5aa   0x00000002   PAD
    0x0800a5ac   0x0800a5ac   0x0000000e   Code   RO         1098    .text.vListInitialiseItem  list.o
    0x0800a5ba   0x0800a5ba   0x00000002   PAD
    0x0800a5bc   0x0800a5bc   0x0000006a   Code   RO         1102    .text.vListInsert   list.o
    0x0800a626   0x0800a626   0x00000002   PAD
    0x0800a628   0x0800a628   0x0000003a   Code   RO         1100    .text.vListInsertEnd  list.o
    0x0800a662   0x0800a662   0x00000002   PAD
    0x0800a664   0x0800a664   0x00000014   Code   RO         1702    .text.vPortEnableVFP  port.o
    0x0800a678   0x0800a678   0x00000056   Code   RO         1708    .text.vPortEnterCritical  port.o
    0x0800a6ce   0x0800a6ce   0x00000002   PAD
    0x0800a6d0   0x0800a6d0   0x0000004a   Code   RO         1710    .text.vPortExitCritical  port.o
    0x0800a71a   0x0800a71a   0x00000002   PAD
    0x0800a71c   0x0800a71c   0x000000ce   Code   RO         1667    .text.vPortFree     heap_4.o
    0x0800a7ea   0x0800a7ea   0x00000002   PAD
    0x0800a7ec   0x0800a7ec   0x00000044   Code   RO         1700    .text.vPortSetupTimerInterrupt  port.o
    0x0800a830   0x0800a830   0x00000084   Code   RO         1716    .text.vPortValidateInterruptPriority  port.o
    0x0800a8b4   0x0800a8b4   0x00000052   Code   RO         1187    .text.vQueueAddToRegistry  queue.o
    0x0800a906   0x0800a906   0x00000002   PAD
    0x0800a908   0x0800a908   0x00000064   Code   RO         1191    .text.vQueueWaitForMessageRestricted  queue.o
    0x0800a96c   0x0800a96c   0x0000006e   Code   RO         1280    .text.vTaskDelay    tasks.o
    0x0800a9da   0x0800a9da   0x00000002   PAD
    0x0800a9dc   0x0800a9dc   0x00000114   Code   RO         1272    .text.vTaskDelayUntil  tasks.o
    0x0800aaf0   0x0800aaf0   0x00000024   Code   RO         1334    .text.vTaskInternalSetTimeOutState  tasks.o
    0x0800ab14   0x0800ab14   0x0000000e   Code   RO         1338    .text.vTaskMissedYield  tasks.o
    0x0800ab22   0x0800ab22   0x00000002   PAD
    0x0800ab24   0x0800ab24   0x00000042   Code   RO         1322    .text.vTaskPlaceOnEventList  tasks.o
    0x0800ab66   0x0800ab66   0x00000002   PAD
    0x0800ab68   0x0800ab68   0x00000052   Code   RO         1326    .text.vTaskPlaceOnEventListRestricted  tasks.o
    0x0800abba   0x0800abba   0x00000002   PAD
    0x0800abbc   0x0800abbc   0x000000e0   Code   RO         1300    .text.vTaskStartScheduler  tasks.o
    0x0800ac9c   0x0800ac9c   0x00000010   Code   RO         1274    .text.vTaskSuspendAll  tasks.o
    0x0800acac   0x0800acac   0x000000c6   Code   RO         1292    .text.vTaskSwitchContext  tasks.o
    0x0800ad72   0x0800ad72   0x00000002   PAD
    0x0800ad74   0x0800ad74   0x00000156   Code   RO         1698    .text.xPortStartScheduler  port.o
    0x0800aeca   0x0800aeca   0x00000002   PAD
    0x0800aecc   0x0800aecc   0x0000003c   Code   RO         1714    .text.xPortSysTickHandler  port.o
    0x0800af08   0x0800af08   0x0000010e   Code   RO         1115    .text.xQueueGenericCreateStatic  queue.o
    0x0800b016   0x0800b016   0x00000002   PAD
    0x0800b018   0x0800b018   0x000000ba   Code   RO         1113    .text.xQueueGenericReset  queue.o
    0x0800b0d2   0x0800b0d2   0x00000002   PAD
    0x0800b0d4   0x0800b0d4   0x0000022c   Code   RO         1133    .text.xQueueGenericSend  queue.o
    0x0800b300   0x0800b300   0x0000014c   Code   RO         1149    .text.xQueueGenericSendFromISR  queue.o
    0x0800b44c   0x0800b44c   0x000001dc   Code   RO         1153    .text.xQueueReceive  queue.o
    0x0800b628   0x0800b628   0x000000cc   Code   RO         1336    .text.xTaskCheckForTimeOut  tasks.o
    0x0800b6f4   0x0800b6f4   0x0000009e   Code   RO         1264    .text.xTaskCreate   tasks.o
    0x0800b792   0x0800b792   0x00000002   PAD
    0x0800b794   0x0800b794   0x000000ce   Code   RO         1258    .text.xTaskCreateStatic  tasks.o
    0x0800b862   0x0800b862   0x00000002   PAD
    0x0800b864   0x0800b864   0x00000038   Code   RO         1352    .text.xTaskGetSchedulerState  tasks.o
    0x0800b89c   0x0800b89c   0x00000014   Code   RO         1308    .text.xTaskGetTickCount  tasks.o
    0x0800b8b0   0x0800b8b0   0x000001c4   Code   RO         1306    .text.xTaskIncrementTick  tasks.o
    0x0800ba74   0x0800ba74   0x000000ec   Code   RO         1356    .text.xTaskPriorityDisinherit  tasks.o
    0x0800bb60   0x0800bb60   0x000000ce   Code   RO         1328    .text.xTaskRemoveFromEventList  tasks.o
    0x0800bc2e   0x0800bc2e   0x00000002   PAD
    0x0800bc30   0x0800bc30   0x00000186   Code   RO         1278    .text.xTaskResumeAll  tasks.o
    0x0800bdb6   0x0800bdb6   0x00000002   PAD
    0x0800bdb8   0x0800bdb8   0x00000094   Code   RO         1411    .text.xTimerCreateTimerTask  timers.o
    0x0800be4c   0x0800be4c   0x000000b0   Code   RO         1423    .text.xTimerGenericCommand  timers.o
    0x0800befc   0x0800befc   0x00000026   Code   RO         4128    i.__ARM_fpclassifyf  m_wm.l(fpclassifyf.o)
    0x0800bf22   0x0800bf22   0x00000002   PAD
    0x0800bf24   0x0800bf24   0x0000012c   Code   RO         3983    i.__hardfp_asinf    m_wm.l(asinf.o)
    0x0800c050   0x0800c050   0x00000150   Code   RO         3995    i.__hardfp_cosf     m_wm.l(cosf.o)
    0x0800c1a0   0x0800c1a0   0x00000104   Code   RO         4021    i.__hardfp_fmod     m_wm.l(fmod.o)
    0x0800c2a4   0x0800c2a4   0x00000190   Code   RO         4054    i.__hardfp_sinf     m_wm.l(sinf.o)
    0x0800c434   0x0800c434   0x0000003a   Code   RO         4066    i.__hardfp_sqrtf    m_wm.l(sqrtf.o)
    0x0800c46e   0x0800c46e   0x00000002   PAD
    0x0800c470   0x0800c470   0x00000020   Code   RO         4115    i.__mathlib_dbl_invalid  m_wm.l(dunder.o)
    0x0800c490   0x0800c490   0x00000006   Code   RO         4131    i.__mathlib_flt_infnan  m_wm.l(funder.o)
    0x0800c496   0x0800c496   0x00000002   PAD
    0x0800c498   0x0800c498   0x00000010   Code   RO         4133    i.__mathlib_flt_invalid  m_wm.l(funder.o)
    0x0800c4a8   0x0800c4a8   0x00000010   Code   RO         4136    i.__mathlib_flt_underflow  m_wm.l(funder.o)
    0x0800c4b8   0x0800c4b8   0x00000154   Code   RO         4147    i.__mathlib_rredf2  m_wm.l(rredf.o)
    0x0800c60c   0x0800c60c   0x0000003e   Code   RO         4068    i.sqrtf             m_wm.l(sqrtf.o)
    0x0800c64a   0x0800c64a   0x00000002   PAD
    0x0800c64c   0x0800c64c   0x00000062   Code   RO         3945    x$fpl$d2f           fz_wm.l(d2f.o)
    0x0800c6ae   0x0800c6ae   0x00000002   PAD
    0x0800c6b0   0x0800c6b0   0x00000150   Code   RO         3949    x$fpl$dadd          fz_wm.l(daddsub_clz.o)
    0x0800c800   0x0800c800   0x000002b8   Code   RO         3958    x$fpl$ddiv          fz_wm.l(ddiv.o)
    0x0800cab8   0x0800cab8   0x00000154   Code   RO         3975    x$fpl$dmul          fz_wm.l(dmul.o)
    0x0800cc0c   0x0800cc0c   0x0000009c   Code   RO         4093    x$fpl$dnaninf       fz_wm.l(dnaninf.o)
    0x0800cca8   0x0800cca8   0x00000150   Code   RO         4095    x$fpl$drem          fz_wm.l(drem_clz.o)
    0x0800cdf8   0x0800cdf8   0x0000000c   Code   RO         4097    x$fpl$dretinf       fz_wm.l(dretinf.o)
    0x0800ce04   0x0800ce04   0x00000016   Code   RO         3950    x$fpl$drsb          fz_wm.l(daddsub_clz.o)
    0x0800ce1a   0x0800ce1a   0x00000002   PAD
    0x0800ce1c   0x0800ce1c   0x000001dc   Code   RO         3951    x$fpl$dsub          fz_wm.l(daddsub_clz.o)
    0x0800cff8   0x0800cff8   0x00000056   Code   RO         3977    x$fpl$f2d           fz_wm.l(f2d.o)
    0x0800d04e   0x0800d04e   0x0000008c   Code   RO         4103    x$fpl$fnaninf       fz_wm.l(fnaninf.o)
    0x0800d0da   0x0800d0da   0x0000001a   Code   RO         4263    x$fpl$fpinit        fz_wm.l(fpinit.o)
    0x0800d0f4   0x0800d0f4   0x0000000a   Code   RO         4107    x$fpl$fretinf       fz_wm.l(fretinf.o)
    0x0800d0fe   0x0800d0fe   0x00000000   Code   RO         4111    x$fpl$usenofp       fz_wm.l(usenofp.o)
    0x0800d0fe   0x0800d0fe   0x00000002   PAD
    0x0800d100   0x0800d100   0x00000020   Data   RO         4148    .constdata          m_wm.l(rredf.o)
    0x0800d120   0x0800d120   0x00000010   Data   RO         1049    .rodata.AHBPrescTable  system_stm32f4xx.o
    0x0800d130   0x0800d130   0x00000008   Data   RO         1050    .rodata.APBPrescTable  system_stm32f4xx.o
    0x0800d138   0x0800d138   0x00000008   Data   RO          693    .rodata.DMA_CalcBaseAndBitshift.flagBitshiftOffset  stm32f4xx_hal_dma.o
    0x0800d140   0x0800d140   0x00000090   Data   RO         1952    .rodata.IMU_QuaternionEKF_F  quaternionekf.o
    0x0800d1d0   0x0800d1d0   0x00000028   Data   RO         2602    .rodata.atan2_coefs_f32  fastmathfunctions.o
    0x0800d1f8   0x0800d1f8   0x00000024   Data   RO           42    .rodata.defaultTask_attributes  freertos.o
    0x0800d21c   0x0800d21c   0x00000024   Data   RO           43    .rodata.myTask02_attributes  freertos.o
    0x0800d240   0x0800d240   0x00000804   Data   RO         2250    .rodata.sinTable_f32  commontables.o
    0x0800da44   0x0800da44   0x00000015   Data   RO           41    .rodata.str1.1      freertos.o
    0x0800da59   0x0800da59   0x00000005   Data   RO         1396    .rodata.str1.1      tasks.o
    0x0800da5e   0x0800da5e   0x0000000d   Data   RO         1466    .rodata.str1.1      timers.o
    0x0800da6b   0x0800da6b   0x00000001   PAD
    0x0800da6c   0x0800da6c   0x00000020   Data   RO         4324    Region$$Table       anon$$obj.o


    Execution Region RW_IRAM1 (Exec base: 0x20000000, Load base: 0x0800da90, Size: 0x00009ca0, Max: 0x0001c000, ABSOLUTE, COMPRESSED[0x00000088])

    Exec Addr    Load Addr    Size         Type   Attr      Idx    E Section Name        Object

    0x20000000   COMPRESSED   0x00000004   Data   RW         1826    .data.BMI088_ACCEL_SEN  bmi088driver.o
    0x20000004   COMPRESSED   0x00000004   Data   RW         1827    .data.BMI088_GYRO_SEN  bmi088driver.o
    0x20000008   COMPRESSED   0x00000010   Data   RW         1732    .data.DMAPWM_Tim3_Channl2  dma_pwm.o
    0x20000018   COMPRESSED   0x0000000c   Data   RW         1958    .data.Get_EKFAngle.gyro_corrects  quaternionekf.o
    0x20000024   COMPRESSED   0x00000090   Data   RW         1954    .data.IMU_QuaternionEKF_P  quaternionekf.o
    0x200000b4   COMPRESSED   0x0000012c   Data   RW         1755    .data.RGB_buffer    rgb.o
    0x200001e0   COMPRESSED   0x0000000c   Data   RW           46    .data.StartTask02.DateCal  freertos.o
    0x200001ec   COMPRESSED   0x00000004   Data   RW         1048    .data.SystemCoreClock  system_stm32f4xx.o
    0x200001f0   COMPRESSED   0x00000014   Data   RW         1789    .data.WS2812        ws2812.o
    0x20000204   COMPRESSED   0x00000001   Data   RW          893    .data.uwTickFreq    stm32f4xx_hal.o
    0x20000205   COMPRESSED   0x00000003   PAD
    0x20000208   COMPRESSED   0x00000004   Data   RW          892    .data.uwTickPrio    stm32f4xx_hal.o
    0x2000020c   COMPRESSED   0x00000004   Data   RW         1720    .data.uxCriticalNesting  port.o
    0x20000210   COMPRESSED   0x00000012   Data   RW         1828    .data.write_BMI088_accel_reg_data_error  bmi088driver.o
    0x20000222   COMPRESSED   0x00000012   Data   RW         1829    .data.write_BMI088_gyro_reg_data_error  bmi088driver.o
    0x20000234   COMPRESSED   0x00000004   PAD
    0x20000238        -       0x00000060   Zero   RW         4175    .bss                c_w.l(libspace.o)
    0x20000298        -       0x00000008   Zero   RW         1761    .bss.AccelAndGyro   rgb.o
    0x200002a0        -       0x0000000c   Zero   RW           51    .bss.Angle          freertos.o
    0x200002ac        -       0x00000001   Zero   RW         1957    .bss.Get_EKFAngle.State  quaternionekf.o
    0x200002ad   COMPRESSED   0x00000003   PAD
    0x200002b0        -       0x00000004   Zero   RW         1955    .bss.Get_EKFAngle.correct_Time_define  quaternionekf.o
    0x200002b4        -       0x00000004   Zero   RW         1959    .bss.Get_EKFAngle.correct_times  quaternionekf.o
    0x200002b8        -       0x00000048   Zero   RW         1964    .bss.IMU_QuaternionEKF_H  quaternionekf.o
    0x20000300        -       0x00000048   Zero   RW         1963    .bss.IMU_QuaternionEKF_K  quaternionekf.o
    0x20000348        -       0x00000004   Zero   RW         1648    .bss.KernelState    cmsis_os2.o
    0x2000034c        -       0x00000034   Zero   RW         1886    .bss.MahonyAHRS     mymahonyahrs.o
    0x20000380        -       0x000001e0   Zero   RW         1951    .bss.QEKF_INS       quaternionekf.o
    0x20000560        -       0x00000004   Zero   RW         1756    .bss.RGB_Task.i     rgb.o
    0x20000564        -       0x00000004   Zero   RW         1757    .bss.RGB_Task.j     rgb.o
    0x20000568        -       0x00000004   Zero   RW         1758    .bss.RGB_Task.k     rgb.o
    0x2000056c        -       0x00000004   Zero   RW         1759    .bss.RGB_Task.l     rgb.o
    0x20000570        -       0x00000001   Zero   RW         1791    .bss.WS2812_control.initflg  ws2812.o
    0x20000571   COMPRESSED   0x00000003   PAD
    0x20000574        -       0x0000000c   Zero   RW           49    .bss.accel          freertos.o
    0x20000580        -       0x00000004   Zero   RW         1765    .bss.ax_world       rgb.o
    0x20000584        -       0x00000004   Zero   RW         1766    .bss.ay_world       rgb.o
    0x20000588        -       0x00000004   Zero   RW         1767    .bss.az_world       rgb.o
    0x2000058c        -       0x00000004   Zero   RW           44    .bss.defaultTaskHandle  freertos.o
    0x20000590        -       0x00000004   Zero   RW         1762    .bss.gx             rgb.o
    0x20000594        -       0x00000004   Zero   RW         1763    .bss.gy             rgb.o
    0x20000598        -       0x0000000c   Zero   RW           48    .bss.gyro           freertos.o
    0x200005a4        -       0x00000004   Zero   RW         1764    .bss.gz             rgb.o
    0x200005a8        -       0x00000060   Zero   RW           74    .bss.hdma_spi2_rx   spi.o
    0x20000608        -       0x00000060   Zero   RW           75    .bss.hdma_spi2_tx   spi.o
    0x20000668        -       0x00000060   Zero   RW           92    .bss.hdma_tim3_ch2  tim.o
    0x200006c8        -       0x00000058   Zero   RW           73    .bss.hspi2          spi.o
    0x20000720        -       0x00000048   Zero   RW          145    .bss.htim14         stm32f4xx_hal_timebase_tim.o
    0x20000768        -       0x00000048   Zero   RW           91    .bss.htim3          tim.o
    0x200007b0        -       0x00002000   Zero   RW         1790    .bss.lut            ws2812.o
    0x200027b0        -       0x00000004   Zero   RW           45    .bss.myTask02Handle  freertos.o
    0x200027b4        -       0x00000004   Zero   RW         1961    .bss.pitch_EKF      quaternionekf.o
    0x200027b8        -       0x000000a0   Zero   RW         1474    .bss.prvCheckForValidListAndQueue.ucStaticTimerQueueStorage  timers.o
    0x20002858        -       0x00000050   Zero   RW         1473    .bss.prvCheckForValidListAndQueue.xStaticTimerQueue  timers.o
    0x200028a8        -       0x00000004   Zero   RW         1470    .bss.prvSampleTimeNow.xLastTime  timers.o
    0x200028ac        -       0x00002584   Zero   RW         1788    .bss.pwm_buffer     ws2812.o
    0x20004e30        -       0x00000004   Zero   RW         1382    .bss.pxCurrentTCB   tasks.o
    0x20004e34        -       0x00000004   Zero   RW         1468    .bss.pxCurrentTimerList  timers.o
    0x20004e38        -       0x00000004   Zero   RW         1390    .bss.pxDelayedTaskList  tasks.o
    0x20004e3c        -       0x00000004   Zero   RW         1677    .bss.pxEnd          heap_4.o
    0x20004e40        -       0x00000004   Zero   RW         1391    .bss.pxOverflowDelayedTaskList  tasks.o
    0x20004e44        -       0x00000004   Zero   RW         1469    .bss.pxOverflowTimerList  timers.o
    0x20004e48        -       0x00000460   Zero   RW         1393    .bss.pxReadyTasksLists  tasks.o
    0x200052a8        -       0x00000004   Zero   RW         1960    .bss.roll_EKF       quaternionekf.o
    0x200052ac        -       0x00000002   Zero   RW         1917    .bss.sizeof_double  kalman_filter.o
    0x200052ae        -       0x00000002   Zero   RW         1916    .bss.sizeof_float   kalman_filter.o
    0x200052b0        -       0x00000004   Zero   RW           50    .bss.temp           freertos.o
    0x200052b4        -       0x00003c00   Zero   RW         1684    .bss.ucHeap         heap_4.o
    0x20008eb4        -       0x00000001   Zero   RW         1718    .bss.ucMaxSysCallPriority  port.o
    0x20008eb5   COMPRESSED   0x00000003   PAD
    0x20008eb8        -       0x00000004   Zero   RW         1719    .bss.ulMaxPRIGROUPValue  port.o
    0x20008ebc        -       0x00000004   Zero   RW          894    .bss.uwTick         stm32f4xx_hal.o
    0x20008ec0        -       0x00000004   Zero   RW         1386    .bss.uxCurrentNumberOfTasks  tasks.o
    0x20008ec4        -       0x00000004   Zero   RW         1385    .bss.uxDeletedTasksWaitingCleanUp  tasks.o
    0x20008ec8        -       0x00000004   Zero   RW         1388    .bss.uxSchedulerSuspended  tasks.o
    0x20008ecc        -       0x00000004   Zero   RW         1383    .bss.uxTaskNumber   tasks.o
    0x20008ed0        -       0x00000004   Zero   RW         1394    .bss.uxTopReadyPriority  tasks.o
    0x20008ed4        -       0x00000200   Zero   RW         1651    .bss.vApplicationGetIdleTaskMemory.Idle_Stack  cmsis_os2.o
    0x200090d4        -       0x0000005c   Zero   RW         1650    .bss.vApplicationGetIdleTaskMemory.Idle_TCB  cmsis_os2.o
    0x20009130        -       0x00000400   Zero   RW         1653    .bss.vApplicationGetTimerTaskMemory.Timer_Stack  cmsis_os2.o
    0x20009530        -       0x0000005c   Zero   RW         1652    .bss.vApplicationGetTimerTaskMemory.Timer_TCB  cmsis_os2.o
    0x2000958c        -       0x00000014   Zero   RW         1471    .bss.xActiveTimerList1  timers.o
    0x200095a0        -       0x00000014   Zero   RW         1472    .bss.xActiveTimerList2  timers.o
    0x200095b4        -       0x00000004   Zero   RW         1678    .bss.xBlockAllocatedBit  heap_4.o
    0x200095b8        -       0x00000014   Zero   RW         1402    .bss.xDelayedTaskList1  tasks.o
    0x200095cc        -       0x00000014   Zero   RW         1403    .bss.xDelayedTaskList2  tasks.o
    0x200095e0        -       0x00000004   Zero   RW         1679    .bss.xFreeBytesRemaining  heap_4.o
    0x200095e4        -       0x00000004   Zero   RW         1397    .bss.xIdleTaskHandle  tasks.o
    0x200095e8        -       0x00000004   Zero   RW         1681    .bss.xMinimumEverFreeBytesRemaining  heap_4.o
    0x200095ec        -       0x00000004   Zero   RW         1398    .bss.xNextTaskUnblockTime  tasks.o
    0x200095f0        -       0x00000004   Zero   RW         1401    .bss.xNumOfOverflows  tasks.o
    0x200095f4        -       0x00000004   Zero   RW         1682    .bss.xNumberOfSuccessfulAllocations  heap_4.o
    0x200095f8        -       0x00000004   Zero   RW         1683    .bss.xNumberOfSuccessfulFrees  heap_4.o
    0x200095fc        -       0x00000004   Zero   RW         1400    .bss.xPendedTicks   tasks.o
    0x20009600        -       0x00000014   Zero   RW         1395    .bss.xPendingReadyList  tasks.o
    0x20009614        -       0x00000040   Zero   RW         1193    .bss.xQueueRegistry  queue.o
    0x20009654        -       0x00000004   Zero   RW         1387    .bss.xSchedulerRunning  tasks.o
    0x20009658        -       0x00000008   Zero   RW         1680    .bss.xStart         heap_4.o
    0x20009660        -       0x00000014   Zero   RW         1392    .bss.xSuspendedTaskList  tasks.o
    0x20009674        -       0x00000014   Zero   RW         1384    .bss.xTasksWaitingTermination  tasks.o
    0x20009688        -       0x00000004   Zero   RW         1389    .bss.xTickCount     tasks.o
    0x2000968c        -       0x00000004   Zero   RW         1465    .bss.xTimerQueue    timers.o
    0x20009690        -       0x00000004   Zero   RW         1467    .bss.xTimerTaskHandle  timers.o
    0x20009694        -       0x00000004   Zero   RW         1399    .bss.xYieldPending  tasks.o
    0x20009698        -       0x00000004   Zero   RW         1962    .bss.yaw_EKF        quaternionekf.o
    0x2000969c   COMPRESSED   0x00000004   PAD
    0x200096a0        -       0x00000200   Zero   RW            2    HEAP                startup_stm32f405xx.o
    0x200098a0        -       0x00000400   Zero   RW            1    STACK               startup_stm32f405xx.o


    Execution Region RW_IRAM2 (Exec base: 0x2001c000, Load base: 0x0800db18, Size: 0x00000000, Max: 0x00004000, ABSOLUTE)

    **** No section assigned to this execution region ****


==============================================================================

Image component sizes


      Code (inc. data)   RO Data    RW Data    ZI Data      Debug   Object Name

      1366          0          0         44          0       3170   bmi088driver.o
       310          0          0          0          0       2497   bmi088middleware.o
       746          0          0          0       1724      34857   cmsis_os2.o
         0          0       2052          0          0      10731   commontables.o
       100          0          0          0          0       3264   dma.o
        40          0          0         16          0       4053   dma_pwm.o
        46          0          0          0          0        991   dwt_delay.o
      1562         28         40          0          0      15556   fastmathfunctions.o
       286         12         93         12         48       3402   freertos.o
       330          0          0          0          0       2221   gpio.o
      1084          0          0          0      15392       4489   heap_4.o
      3368          0          0          0          4       8089   kalman_filter.o
       296          0          0          0          0       2242   list.o
       278          0          0          0          0       5728   main.o
      2138          0          0          0          0      48126   matrixfunctions.o
      3494          8          0          0         52       8139   mymahonyahrs.o
      1128         16          0          4          5       3853   port.o
      4836         64        144        156        645       9949   quaternionekf.o
      2604          0          0          0         64      17349   queue.o
      2172        140          0        300         48       3198   rgb.o
       490          0          0          0        280       6937   spi.o
        64         26        392          0       1536        848   startup_stm32f405xx.o
        92          0          0          5          4       7082   stm32f4xx_hal.o
       384          0          0          0          0       9693   stm32f4xx_hal_cortex.o
      1832          8          8          0          0       8523   stm32f4xx_hal_dma.o
       996          0          0          0          0       5119   stm32f4xx_hal_gpio.o
        88          0          0          0          0       3327   stm32f4xx_hal_msp.o
      2696          0          0          0          0       7596   stm32f4xx_hal_rcc.o
      2290          0          0          0          0      19481   stm32f4xx_hal_spi.o
      4288         28          0          0          0      36039   stm32f4xx_hal_tim.o
       306          0          0          0          0      15359   stm32f4xx_hal_tim_ex.o
       240          0          0          0         72       7070   stm32f4xx_hal_timebase_tim.o
       118          0          0          0          0       1351   stm32f4xx_it.o
        18          0         24          4          0       2547   system_stm32f4xx.o
      4194          0          5          0       1280      24202   tasks.o
       438          0          0          0        168       7725   tim.o
      1692         10         13          0        300      11655   timers.o
       794          0          0         20      17797       2473   ws2812.o

    ----------------------------------------------------------------------
     47440        340       2804        564      39436     368931   Object Totals
         0          0         32          0          0          0   (incl. Generated)
       236          0          1          3         17          0   (incl. Padding)

    ----------------------------------------------------------------------

      Code (inc. data)   RO Data    RW Data    ZI Data      Debug   Library Member Name

        90          0          0          0          0          0   __dczerorl2.o
         8          0          0          0          0         68   __main.o
         0          0          0          0          0          0   __rtentry.o
        12          0          0          0          0          0   __rtentry2.o
         6          0          0          0          0          0   __rtentry4.o
        94          8          0          0          0          0   __scatter.o
        28          0          0          0          0          0   __scatter_zi.o
        22          0          0          0          0        100   _rserrno.o
        16          0          0          0          0         68   aeabi_memset4.o
        18          0          0          0          0         80   exit.o
         6          0          0          0          0        152   heapauxi.o
         0          0          0          0          0          0   indicate_semi.o
         2          0          0          0          0          0   libinit.o
         6          0          0          0          0          0   libinit2.o
         2          0          0          0          0          0   libshutdown.o
         2          0          0          0          0          0   libshutdown2.o
         8          4          0          0         96         68   libspace.o
       240          0          0          0          0        100   lludivv7m.o
         8          4          0          0          0         68   rt_errno_addr_intlibspace.o
        68          0          0          0          0         68   rt_memclr.o
        78          0          0          0          0         80   rt_memclr_w.o
       138          0          0          0          0         68   rt_memcpy_v6.o
       100          0          0          0          0         80   rt_memcpy_w.o
         2          0          0          0          0          0   rtexit.o
        10          0          0          0          0          0   rtexit2.o
        12          4          0          0          0         68   sys_exit.o
        74          0          0          0          0         80   sys_stackheap_outer.o
         2          0          0          0          0         68   use_no_semi.o
        98          4          0          0          0        140   d2f.o
       834         16          0          0          0        516   daddsub_clz.o
       696        140          0          0          0        264   ddiv.o
       340         12          0          0          0        152   dmul.o
       156          4          0          0          0        140   dnaninf.o
       336         12          0          0          0        136   drem_clz.o
        12          0          0          0          0        116   dretinf.o
        86          4          0          0          0        132   f2d.o
       140          4          0          0          0        132   fnaninf.o
        26          0          0          0          0        116   fpinit.o
        10          0          0          0          0        116   fretinf.o
         0          0          0          0          0          0   usenofp.o
       300         42          0          0          0        176   asinf.o
       336         56          0          0          0        136   cosf.o
        32          8          0          0          0        124   dunder.o
       260          6          0          0          0        144   fmod.o
        38          0          0          0          0        116   fpclassifyf.o
        38         12          0          0          0        348   funder.o
       340         24         32          0          0        160   rredf.o
       400         56          0          0          0        212   sinf.o
       120          0          0          0          0        272   sqrtf.o

    ----------------------------------------------------------------------
      5672        420         32          0         96       4864   Library Totals
        22          0          0          0          0          0   (incl. Padding)

    ----------------------------------------------------------------------

      Code (inc. data)   RO Data    RW Data    ZI Data      Debug   Library Name

      1052         20          0          0         96       1216   c_w.l
      2734        196          0          0          0       1960   fz_wm.l
      1864        204         32          0          0       1688   m_wm.l

    ----------------------------------------------------------------------
      5672        420         32          0         96       4864   Library Totals

    ----------------------------------------------------------------------

==============================================================================


      Code (inc. data)   RO Data    RW Data    ZI Data      Debug   

     53112        760       2836        564      39532     370291   Grand Totals
     53112        760       2836        136      39532     370291   ELF Image Totals (compressed)
     53112        760       2836        136          0          0   ROM Totals

==============================================================================

    Total RO  Size (Code + RO Data)                55948 (  54.64kB)
    Total RW  Size (RW Data + ZI Data)             40096 (  39.16kB)
    Total ROM Size (Code + RO Data + RW Data)      56084 (  54.77kB)

==============================================================================

